Archive member included to satisfy reference by file (symbol)

/usr/lib/gcc/arm-none-eabi/9.2.1/thumb/v6-m/nofp/libgcc.a(_dvmd_tls.o)
                              CMakeFiles/AudioPico.dir/home/jacko/pico/pico-sdk/src/rp2_common/pico_divider/divider.S.obj (__aeabi_idiv0)
/usr/lib/gcc/arm-none-eabi/9.2.1/../../../arm-none-eabi/lib/thumb/v6-m/nofp/libg.a(lib_a-atexit.o)
                              /usr/lib/gcc/arm-none-eabi/9.2.1/../../../arm-none-eabi/lib/thumb/v6-m/nofp/crt0.o (atexit)
/usr/lib/gcc/arm-none-eabi/9.2.1/../../../arm-none-eabi/lib/thumb/v6-m/nofp/libg.a(lib_a-calloc.o)
                              CMakeFiles/AudioPico.dir/home/jacko/pico/pico-sdk/src/rp2_common/pico_malloc/pico_malloc.c.obj (calloc)
/usr/lib/gcc/arm-none-eabi/9.2.1/../../../arm-none-eabi/lib/thumb/v6-m/nofp/libg.a(lib_a-callocr.o)
                              /usr/lib/gcc/arm-none-eabi/9.2.1/../../../arm-none-eabi/lib/thumb/v6-m/nofp/libg.a(lib_a-calloc.o) (_calloc_r)
/usr/lib/gcc/arm-none-eabi/9.2.1/../../../arm-none-eabi/lib/thumb/v6-m/nofp/libg.a(lib_a-ctype_.o)
                              CMakeFiles/AudioPico.dir/home/jacko/pico/pico-sdk/lib/tinyusb/src/tusb.c.obj (_ctype_)
/usr/lib/gcc/arm-none-eabi/9.2.1/../../../arm-none-eabi/lib/thumb/v6-m/nofp/libg.a(lib_a-fini.o)
                              /usr/lib/gcc/arm-none-eabi/9.2.1/../../../arm-none-eabi/lib/thumb/v6-m/nofp/crt0.o (__libc_fini_array)
/usr/lib/gcc/arm-none-eabi/9.2.1/../../../arm-none-eabi/lib/thumb/v6-m/nofp/libg.a(lib_a-impure.o)
                              /usr/lib/gcc/arm-none-eabi/9.2.1/../../../arm-none-eabi/lib/thumb/v6-m/nofp/libg.a(lib_a-calloc.o) (_impure_ptr)
/usr/lib/gcc/arm-none-eabi/9.2.1/../../../arm-none-eabi/lib/thumb/v6-m/nofp/libg.a(lib_a-init.o)
                              /usr/lib/gcc/arm-none-eabi/9.2.1/../../../arm-none-eabi/lib/thumb/v6-m/nofp/crt0.o (__libc_init_array)
/usr/lib/gcc/arm-none-eabi/9.2.1/../../../arm-none-eabi/lib/thumb/v6-m/nofp/libg.a(lib_a-malloc.o)
                              CMakeFiles/AudioPico.dir/home/jacko/pico/pico-sdk/src/rp2_common/pico_malloc/pico_malloc.c.obj (malloc)
/usr/lib/gcc/arm-none-eabi/9.2.1/../../../arm-none-eabi/lib/thumb/v6-m/nofp/libg.a(lib_a-mallocr.o)
                              /usr/lib/gcc/arm-none-eabi/9.2.1/../../../arm-none-eabi/lib/thumb/v6-m/nofp/libg.a(lib_a-callocr.o) (_malloc_r)
/usr/lib/gcc/arm-none-eabi/9.2.1/../../../arm-none-eabi/lib/thumb/v6-m/nofp/libg.a(lib_a-mlock.o)
                              /usr/lib/gcc/arm-none-eabi/9.2.1/../../../arm-none-eabi/lib/thumb/v6-m/nofp/libg.a(lib_a-mallocr.o) (__malloc_lock)
/usr/lib/gcc/arm-none-eabi/9.2.1/../../../arm-none-eabi/lib/thumb/v6-m/nofp/libg.a(lib_a-sbrkr.o)
                              /usr/lib/gcc/arm-none-eabi/9.2.1/../../../arm-none-eabi/lib/thumb/v6-m/nofp/libg.a(lib_a-mallocr.o) (_sbrk_r)
/usr/lib/gcc/arm-none-eabi/9.2.1/../../../arm-none-eabi/lib/thumb/v6-m/nofp/libg.a(lib_a-strlen-stub.o)
                              CMakeFiles/AudioPico.dir/home/jacko/pico/pico-sdk/src/rp2_common/pico_stdio/stdio.c.obj (strlen)
/usr/lib/gcc/arm-none-eabi/9.2.1/../../../arm-none-eabi/lib/thumb/v6-m/nofp/libg.a(lib_a-__atexit.o)
                              /usr/lib/gcc/arm-none-eabi/9.2.1/../../../arm-none-eabi/lib/thumb/v6-m/nofp/libg.a(lib_a-atexit.o) (__register_exitproc)
/usr/lib/gcc/arm-none-eabi/9.2.1/../../../arm-none-eabi/lib/thumb/v6-m/nofp/libg.a(lib_a-freer.o)
                              /usr/lib/gcc/arm-none-eabi/9.2.1/../../../arm-none-eabi/lib/thumb/v6-m/nofp/libg.a(lib_a-malloc.o) (_free_r)
/usr/lib/gcc/arm-none-eabi/9.2.1/../../../arm-none-eabi/lib/thumb/v6-m/nofp/libg.a(lib_a-reent.o)
                              /usr/lib/gcc/arm-none-eabi/9.2.1/../../../arm-none-eabi/lib/thumb/v6-m/nofp/libg.a(lib_a-sbrkr.o) (errno)

Allocating common symbols
Common symbol       size              file

sf_table            0x100             CMakeFiles/AudioPico.dir/home/jacko/pico/pico-sdk/src/rp2_common/pico_float/float_init_rom.c.obj
errno               0x4               /usr/lib/gcc/arm-none-eabi/9.2.1/../../../arm-none-eabi/lib/thumb/v6-m/nofp/libg.a(lib_a-reent.o)
_usbd_qdef_buf      0xc0              CMakeFiles/AudioPico.dir/home/jacko/pico/pico-sdk/lib/tinyusb/src/device/usbd.c.obj
sd_table            0x100             CMakeFiles/AudioPico.dir/home/jacko/pico/pico-sdk/src/rp2_common/pico_double/double_init_rom.c.obj
uart_char_to_line_feed
                    0x4               CMakeFiles/AudioPico.dir/home/jacko/pico/pico-sdk/src/rp2_common/hardware_uart/uart.c.obj

Discarded input sections

 .text          0x0000000000000000        0x0 /usr/lib/gcc/arm-none-eabi/9.2.1/thumb/v6-m/nofp/crti.o
 .data          0x0000000000000000        0x0 /usr/lib/gcc/arm-none-eabi/9.2.1/thumb/v6-m/nofp/crti.o
 .bss           0x0000000000000000        0x0 /usr/lib/gcc/arm-none-eabi/9.2.1/thumb/v6-m/nofp/crti.o
 .data          0x0000000000000000        0x4 /usr/lib/gcc/arm-none-eabi/9.2.1/thumb/v6-m/nofp/crtbegin.o
[...]
Memory Configuration

Name             Origin             Length             Attributes
FLASH            0x0000000010000000 0x0000000000200000 xr
RAM              0x0000000020000000 0x0000000000040000 xrw
SCRATCH_X        0x0000000020040000 0x0000000000001000 xrw
SCRATCH_Y        0x0000000020041000 0x0000000000001000 xrw
*default*        0x0000000000000000 0xffffffffffffffff

Linker script and memory map

LOAD /usr/lib/gcc/arm-none-eabi/9.2.1/thumb/v6-m/nofp/crti.o
LOAD /usr/lib/gcc/arm-none-eabi/9.2.1/thumb/v6-m/nofp/crtbegin.o
LOAD /usr/lib/gcc/arm-none-eabi/9.2.1/../../../arm-none-eabi/lib/thumb/v6-m/nofp/crt0.o

.flash_begin    0x0000000010000000        0x0
                0x0000000010000000                __flash_binary_start = .

.boot2          0x0000000010000000      0x100
                0x0000000010000000                __boot2_start__ = .
 *(.boot2)
 .boot2         0x0000000010000000      0x100 /tmp/ccAsUWcs.o
                0x0000000010000100                __boot2_end__ = .
                0x0000000000000001                ASSERT (((__boot2_end__ - __boot2_start__) == 0x100), ERROR: Pico second stage bootloader must be 256 bytes in size)

.text           0x0000000010000100     0x7308
                0x0000000010000100                __logical_binary_start = .
 *(.vectors)
 .vectors       0x0000000010000100       0xd4 CMakeFiles/AudioPico.dir/home/jacko/pico/pico-sdk/src/rp2_common/pico_standard_link/crt0.S.obj
                0x0000000010000100                __vectors
                0x0000000010000100                __VECTOR_TABLE
                0x00000000100001c0                isr_invalid
                0x00000000100001c0                __default_isrs_start
                0x00000000100001c2                isr_nmi
                0x00000000100001c4                isr_hardfault
                0x00000000100001c6                isr_svcall
                0x00000000100001c8                isr_pendsv
                0x00000000100001ca                isr_systick
                0x00000000100001cc                isr_irq30
                0x00000000100001cc                __unhandled_user_irq
                0x00000000100001cc                isr_irq13
                0x00000000100001cc                isr_irq27
                0x00000000100001cc                isr_irq31
                0x00000000100001cc                isr_irq5
                0x00000000100001cc                isr_irq11
                0x00000000100001cc                isr_irq23
                0x00000000100001cc                isr_irq18
                0x00000000100001cc                isr_irq28
                0x00000000100001cc                isr_irq19
                0x00000000100001cc                isr_irq0
                0x00000000100001cc                isr_irq6
                0x00000000100001cc                isr_irq22
                0x00000000100001cc                isr_irq17
                0x00000000100001cc                isr_irq14
                0x00000000100001cc                isr_irq2
                0x00000000100001cc                isr_irq10
                0x00000000100001cc                isr_irq8
                0x00000000100001cc                isr_irq24
                0x00000000100001cc                isr_irq1
                0x00000000100001cc                isr_irq7
                0x00000000100001cc                isr_irq21
                0x00000000100001cc                isr_irq20
                0x00000000100001cc                isr_irq15
                0x00000000100001cc                isr_irq25
                0x00000000100001cc                isr_irq4
                0x00000000100001cc                isr_irq16
                0x00000000100001cc                isr_irq29
                0x00000000100001cc                isr_irq26
                0x00000000100001cc                __default_isrs_end
                0x00000000100001cc                isr_irq3
                0x00000000100001cc                isr_irq12
                0x00000000100001cc                isr_irq9
                0x00000000100001d2                unhandled_user_irq_num_in_r0
 *(.binary_info_header)
 .binary_info_header
                0x00000000100001d4       0x14 CMakeFiles/AudioPico.dir/home/jacko/pico/pico-sdk/src/rp2_common/pico_standard_link/crt0.S.obj
                0x00000000100001e8                __binary_info_header_end = .
 *(.reset)
 .reset         0x00000000100001e8       0xa8 CMakeFiles/AudioPico.dir/home/jacko/pico/pico-sdk/src/rp2_common/pico_standard_link/crt0.S.obj
                0x00000000100001e8                _entry_point
                0x0000000010000266                __get_current_exception
 .reset         0x0000000010000290       0x30 CMakeFiles/AudioPico.dir/home/jacko/pico/pico-sdk/src/rp2_common/pico_standard_link/binary_info.c.obj
 *(.init)
 .init          0x00000000100002c0        0x4 /usr/lib/gcc/arm-none-eabi/9.2.1/thumb/v6-m/nofp/crti.o
                0x00000000100002c0                _init
 *(EXCLUDE_FILE(*libm.a: *libc.a:*lib_a-mem*.o *libgcc.a:) .text*)
 .text          0x00000000100002c4       0x98 /usr/lib/gcc/arm-none-eabi/9.2.1/thumb/v6-m/nofp/crtbegin.o
 .text.alarm_callback
                0x000000001000035c        0x6 CMakeFiles/AudioPico.dir/AudioPico.c.obj
                0x000000001000035c                alarm_callback
 *fill*         0x0000000010000362        0x2 
 .text.main     0x0000000010000364      0x100 CMakeFiles/AudioPico.dir/AudioPico.c.obj
                0x0000000010000364                main
 .text.gpio_set_function
                0x0000000010000464       0x30 CMakeFiles/AudioPico.dir/home/jacko/pico/pico-sdk/src/rp2_common/hardware_gpio/gpio.c.obj
                0x0000000010000464                gpio_set_function
 .text.gpio_set_pulls
                0x0000000010000494       0x34 CMakeFiles/AudioPico.dir/home/jacko/pico/pico-sdk/src/rp2_common/hardware_gpio/gpio.c.obj
                0x0000000010000494                gpio_set_pulls
 .text.hw_claim_lock
                0x00000000100004c8       0x18 CMakeFiles/AudioPico.dir/home/jacko/pico/pico-sdk/src/rp2_common/hardware_claim/claim.c.obj
                0x00000000100004c8                hw_claim_lock
 .text.hw_claim_unlock
                0x00000000100004e0       0x14 CMakeFiles/AudioPico.dir/home/jacko/pico/pico-sdk/src/rp2_common/hardware_claim/claim.c.obj
                0x00000000100004e0                hw_claim_unlock
 .text.hw_claim_or_assert
                0x00000000100004f4       0x32 CMakeFiles/AudioPico.dir/home/jacko/pico/pico-sdk/src/rp2_common/hardware_claim/claim.c.obj
                0x00000000100004f4                hw_claim_or_assert
 .text.hw_claim_unused_from_range
                0x0000000010000526       0x50 CMakeFiles/AudioPico.dir/home/jacko/pico/pico-sdk/src/rp2_common/hardware_claim/claim.c.obj
                0x0000000010000526                hw_claim_unused_from_range
 *fill*         0x0000000010000576        0x2 
 .text.running_on_fpga
                0x0000000010000578       0x14 CMakeFiles/AudioPico.dir/home/jacko/pico/pico-sdk/src/rp2_common/pico_platform/platform.c.obj
                0x0000000010000578                running_on_fpga
 .text.spin_locks_reset
                0x000000001000058c       0x20 CMakeFiles/AudioPico.dir/home/jacko/pico/pico-sdk/src/rp2_common/hardware_sync/sync.c.obj
                0x000000001000058c                spin_locks_reset
 .text.next_striped_spin_lock_num
                0x00000000100005ac       0x1c CMakeFiles/AudioPico.dir/home/jacko/pico/pico-sdk/src/rp2_common/hardware_sync/sync.c.obj
                0x00000000100005ac                next_striped_spin_lock_num
 .text.spin_lock_claim_unused
                0x00000000100005c8       0x20 CMakeFiles/AudioPico.dir/home/jacko/pico/pico-sdk/src/rp2_common/hardware_sync/sync.c.obj
                0x00000000100005c8                spin_lock_claim_unused
 .text.uart_set_baudrate
                0x00000000100005e8       0x5c CMakeFiles/AudioPico.dir/home/jacko/pico/pico-sdk/src/rp2_common/hardware_uart/uart.c.obj
                0x00000000100005e8                uart_set_baudrate
 .text.uart_set_translate_crlf
                0x0000000010000644       0x28 CMakeFiles/AudioPico.dir/home/jacko/pico/pico-sdk/src/rp2_common/hardware_uart/uart.c.obj
                0x0000000010000644                uart_set_translate_crlf
 .text.uart_init
                0x000000001000066c       0x80 CMakeFiles/AudioPico.dir/home/jacko/pico/pico-sdk/src/rp2_common/hardware_uart/uart.c.obj
                0x000000001000066c                uart_init
 .text.alarm_pool_post_alloc_init
                0x00000000100006ec       0x40 CMakeFiles/AudioPico.dir/home/jacko/pico/pico-sdk/src/common/pico_time/time.c.obj
 .text.sleep_until_callback
                0x000000001000072c       0x30 CMakeFiles/AudioPico.dir/home/jacko/pico/pico-sdk/src/common/pico_time/time.c.obj
 .text.timer_pool_entry_comparator
                0x000000001000075c       0x7c CMakeFiles/AudioPico.dir/home/jacko/pico/pico-sdk/src/common/pico_time/time.c.obj
                0x000000001000075c                timer_pool_entry_comparator
 .text.ph_add_child_node
                0x00000000100007d8       0xa4 CMakeFiles/AudioPico.dir/home/jacko/pico/pico-sdk/src/common/pico_time/time.c.obj
 .text.ph_merge_nodes
                0x000000001000087c       0x3e CMakeFiles/AudioPico.dir/home/jacko/pico/pico-sdk/src/common/pico_time/time.c.obj
 *fill*         0x00000000100008ba        0x2 
 .text.add_alarm_under_lock
                0x00000000100008bc      0x174 CMakeFiles/AudioPico.dir/home/jacko/pico/pico-sdk/src/common/pico_time/time.c.obj
 .text.alarm_pool_alarm_callback
                0x0000000010000a30      0x32c CMakeFiles/AudioPico.dir/home/jacko/pico/pico-sdk/src/common/pico_time/time.c.obj
 .text.alarm_pool_init_default
                0x0000000010000d5c       0x38 CMakeFiles/AudioPico.dir/home/jacko/pico/pico-sdk/src/common/pico_time/time.c.obj
                0x0000000010000d5c                alarm_pool_init_default
 .text.alarm_pool_get_default
                0x0000000010000d94       0x2c CMakeFiles/AudioPico.dir/home/jacko/pico/pico-sdk/src/common/pico_time/time.c.obj
                0x0000000010000d94                alarm_pool_get_default
 .text.alarm_pool_add_alarm_at
                0x0000000010000dc0      0x170 CMakeFiles/AudioPico.dir/home/jacko/pico/pico-sdk/src/common/pico_time/time.c.obj
                0x0000000010000dc0                alarm_pool_add_alarm_at
 .text.alarm_pool_cancel_alarm
                0x0000000010000f30       0xf0 CMakeFiles/AudioPico.dir/home/jacko/pico/pico-sdk/src/common/pico_time/time.c.obj
                0x0000000010000f30                alarm_pool_cancel_alarm
 .text.best_effort_wfe_or_timeout
                0x0000000010001020       0x80 CMakeFiles/AudioPico.dir/home/jacko/pico/pico-sdk/src/common/pico_time/time.c.obj
                0x0000000010001020                best_effort_wfe_or_timeout
 .text.hardware_alarm_irq_handler
                0x00000000100010a0       0x8c CMakeFiles/AudioPico.dir/home/jacko/pico/pico-sdk/src/rp2_common/hardware_timer/timer.c.obj
 .text.hardware_alarm_claim
                0x000000001000112c       0x18 CMakeFiles/AudioPico.dir/home/jacko/pico/pico-sdk/src/rp2_common/hardware_timer/timer.c.obj
                0x000000001000112c                hardware_alarm_claim
 .text.time_us_64
                0x0000000010001144       0x18 CMakeFiles/AudioPico.dir/home/jacko/pico/pico-sdk/src/rp2_common/hardware_timer/timer.c.obj
                0x0000000010001144                time_us_64
 .text.hardware_alarm_set_callback
                0x000000001000115c       0x90 CMakeFiles/AudioPico.dir/home/jacko/pico/pico-sdk/src/rp2_common/hardware_timer/timer.c.obj
                0x000000001000115c                hardware_alarm_set_callback
 .text.hardware_alarm_set_target
                0x00000000100011ec       0xe8 CMakeFiles/AudioPico.dir/home/jacko/pico/pico-sdk/src/rp2_common/hardware_timer/timer.c.obj
                0x00000000100011ec                hardware_alarm_set_target
 .text.hardware_alarm_cancel
                0x00000000100012d4       0x40 CMakeFiles/AudioPico.dir/home/jacko/pico/pico-sdk/src/rp2_common/hardware_timer/timer.c.obj
                0x00000000100012d4                hardware_alarm_cancel
 .text.lock_init
                0x0000000010001314       0x10 CMakeFiles/AudioPico.dir/home/jacko/pico/pico-sdk/src/common/pico_sync/lock_core.c.obj
                0x0000000010001314                lock_init
 .text.mutex_init
                0x0000000010001324       0x1a CMakeFiles/AudioPico.dir/home/jacko/pico/pico-sdk/src/common/pico_sync/mutex.c.obj
                0x0000000010001324                mutex_init
 .text.recursive_mutex_init
                0x000000001000133e       0x1e CMakeFiles/AudioPico.dir/home/jacko/pico/pico-sdk/src/common/pico_sync/mutex.c.obj
                0x000000001000133e                recursive_mutex_init
 .text.critical_section_init_with_lock_num
                0x000000001000135c       0x14 CMakeFiles/AudioPico.dir/home/jacko/pico/pico-sdk/src/common/pico_sync/critical_section.c.obj
                0x000000001000135c                critical_section_init_with_lock_num
 .text.critical_section_init
                0x0000000010001370       0x14 CMakeFiles/AudioPico.dir/home/jacko/pico/pico-sdk/src/common/pico_sync/critical_section.c.obj
                0x0000000010001370                critical_section_init
 .text.ph_add_child_node
                0x0000000010001384       0xa4 CMakeFiles/AudioPico.dir/home/jacko/pico/pico-sdk/src/common/pico_util/pheap.c.obj
 .text.ph_merge_nodes
                0x0000000010001428       0x3e CMakeFiles/AudioPico.dir/home/jacko/pico/pico-sdk/src/common/pico_util/pheap.c.obj
 *fill*         0x0000000010001466        0x2 
 .text.ph_clear
                0x0000000010001468       0x70 CMakeFiles/AudioPico.dir/home/jacko/pico/pico-sdk/src/common/pico_util/pheap.c.obj
                0x0000000010001468                ph_clear
 .text.ph_post_alloc_init
                0x00000000100014d8        0xe CMakeFiles/AudioPico.dir/home/jacko/pico/pico-sdk/src/common/pico_util/pheap.c.obj
                0x00000000100014d8                ph_post_alloc_init
 *fill*         0x00000000100014e6        0x2 
 .text.ph_merge_two_pass
                0x00000000100014e8       0xa8 CMakeFiles/AudioPico.dir/home/jacko/pico/pico-sdk/src/common/pico_util/pheap.c.obj
                0x00000000100014e8                ph_merge_two_pass
 .text.ph_remove_any_head
                0x0000000010001590      0x108 CMakeFiles/AudioPico.dir/home/jacko/pico/pico-sdk/src/common/pico_util/pheap.c.obj
 .text.ph_remove_head
                0x0000000010001698       0x14 CMakeFiles/AudioPico.dir/home/jacko/pico/pico-sdk/src/common/pico_util/pheap.c.obj
                0x0000000010001698                ph_remove_head
 .text.ph_remove_and_free_node
                0x00000000100016ac       0xf8 CMakeFiles/AudioPico.dir/home/jacko/pico/pico-sdk/src/common/pico_util/pheap.c.obj
                0x00000000100016ac                ph_remove_and_free_node
 .text._exit    0x00000000100017a4        0x4 CMakeFiles/AudioPico.dir/home/jacko/pico/pico-sdk/src/rp2_common/pico_runtime/runtime.c.obj
                0x00000000100017a4                _exit
 .text.exit     0x00000000100017a8        0x6 CMakeFiles/AudioPico.dir/home/jacko/pico/pico-sdk/src/rp2_common/pico_runtime/runtime.c.obj
                0x00000000100017a8                exit
 *fill*         0x00000000100017ae        0x2 
 .text.__assert_func
                0x00000000100017b0       0x3c CMakeFiles/AudioPico.dir/home/jacko/pico/pico-sdk/src/rp2_common/pico_runtime/runtime.c.obj
                0x00000000100017b0                __assert_func
 .text.runtime_init
                0x00000000100017ec       0xf8 CMakeFiles/AudioPico.dir/home/jacko/pico/pico-sdk/src/rp2_common/pico_runtime/runtime.c.obj
                0x00000000100017ec                runtime_init
 .text.panic    0x00000000100018e4       0x30 CMakeFiles/AudioPico.dir/home/jacko/pico/pico-sdk/src/rp2_common/pico_runtime/runtime.c.obj
                0x00000000100018e4                panic
 .text.clock_configure
                0x0000000010001914      0x104 CMakeFiles/AudioPico.dir/home/jacko/pico/pico-sdk/src/rp2_common/hardware_clocks/clocks.c.obj
                0x0000000010001914                clock_configure
 .text.clocks_init
                0x0000000010001a18      0x100 CMakeFiles/AudioPico.dir/home/jacko/pico/pico-sdk/src/rp2_common/hardware_clocks/clocks.c.obj
                0x0000000010001a18                clocks_init
 .text.clock_get_hz
                0x0000000010001b18        0xc CMakeFiles/AudioPico.dir/home/jacko/pico/pico-sdk/src/rp2_common/hardware_clocks/clocks.c.obj
                0x0000000010001b18                clock_get_hz
 .text.set_raw_irq_handler_and_unlock
                0x0000000010001b24       0x28 CMakeFiles/AudioPico.dir/home/jacko/pico/pico-sdk/src/rp2_common/hardware_irq/irq.c.obj
 .text.make_branch
                0x0000000010001b4c       0x34 CMakeFiles/AudioPico.dir/home/jacko/pico/pico-sdk/src/rp2_common/hardware_irq/irq.c.obj
 .text.insert_branch_and_link
                0x0000000010001b80       0x40 CMakeFiles/AudioPico.dir/home/jacko/pico/pico-sdk/src/rp2_common/hardware_irq/irq.c.obj
 .text.irq_is_enabled
                0x0000000010001bc0       0x18 CMakeFiles/AudioPico.dir/home/jacko/pico/pico-sdk/src/rp2_common/hardware_irq/irq.c.obj
                0x0000000010001bc0                irq_is_enabled
 .text.irq_set_mask_enabled
                0x0000000010001bd8       0x20 CMakeFiles/AudioPico.dir/home/jacko/pico/pico-sdk/src/rp2_common/hardware_irq/irq.c.obj
                0x0000000010001bd8                irq_set_mask_enabled
 .text.irq_set_enabled
                0x0000000010001bf8        0xe CMakeFiles/AudioPico.dir/home/jacko/pico/pico-sdk/src/rp2_common/hardware_irq/irq.c.obj
                0x0000000010001bf8                irq_set_enabled
 *fill*         0x0000000010001c06        0x2 
 .text.irq_set_pending
                0x0000000010001c08       0x10 CMakeFiles/AudioPico.dir/home/jacko/pico/pico-sdk/src/rp2_common/hardware_irq/irq.c.obj
                0x0000000010001c08                irq_set_pending
 .text.irq_get_vtable_handler
                0x0000000010001c18       0x10 CMakeFiles/AudioPico.dir/home/jacko/pico/pico-sdk/src/rp2_common/hardware_irq/irq.c.obj
                0x0000000010001c18                irq_get_vtable_handler
 .text.irq_set_exclusive_handler
                0x0000000010001c28       0x54 CMakeFiles/AudioPico.dir/home/jacko/pico/pico-sdk/src/rp2_common/hardware_irq/irq.c.obj
                0x0000000010001c28                irq_set_exclusive_handler
 .text.irq_remove_handler
                0x0000000010001c7c      0x1ac CMakeFiles/AudioPico.dir/home/jacko/pico/pico-sdk/src/rp2_common/hardware_irq/irq.c.obj
                0x0000000010001c7c                irq_remove_handler
 .text.irq_add_tail_to_free_list
                0x0000000010001e28       0xf0 CMakeFiles/AudioPico.dir/home/jacko/pico/pico-sdk/src/rp2_common/hardware_irq/irq.c.obj
                0x0000000010001e28                irq_add_tail_to_free_list
 .text.irq_init_priorities
                0x0000000010001f18       0x1c CMakeFiles/AudioPico.dir/home/jacko/pico/pico-sdk/src/rp2_common/hardware_irq/irq.c.obj
                0x0000000010001f18                irq_init_priorities
 .text.pll_init
                0x0000000010001f34      0x118 CMakeFiles/AudioPico.dir/home/jacko/pico/pico-sdk/src/rp2_common/hardware_pll/pll.c.obj
                0x0000000010001f34                pll_init
 .text.watchdog_start_tick
                0x000000001000204c       0x10 CMakeFiles/AudioPico.dir/home/jacko/pico/pico-sdk/src/rp2_common/hardware_watchdog/watchdog.c.obj
                0x000000001000204c                watchdog_start_tick
 .text.watchdog_update
                0x000000001000205c       0x14 CMakeFiles/AudioPico.dir/home/jacko/pico/pico-sdk/src/rp2_common/hardware_watchdog/watchdog.c.obj
                0x000000001000205c                watchdog_update
 .text._watchdog_enable
                0x0000000010002070       0x78 CMakeFiles/AudioPico.dir/home/jacko/pico/pico-sdk/src/rp2_common/hardware_watchdog/watchdog.c.obj
                0x0000000010002070                _watchdog_enable
 .text.watchdog_reboot
                0x00000000100020e8       0x48 CMakeFiles/AudioPico.dir/home/jacko/pico/pico-sdk/src/rp2_common/hardware_watchdog/watchdog.c.obj
                0x00000000100020e8                watchdog_reboot
 .text.xosc_init
                0x0000000010002130       0x28 CMakeFiles/AudioPico.dir/home/jacko/pico/pico-sdk/src/rp2_common/hardware_xosc/xosc.c.obj
                0x0000000010002130                xosc_init
 .text._out_null
                0x0000000010002158        0x2 CMakeFiles/AudioPico.dir/home/jacko/pico/pico-sdk/src/rp2_common/pico_printf/printf.c.obj
 .text._out_fct
                0x000000001000215a        0xe CMakeFiles/AudioPico.dir/home/jacko/pico/pico-sdk/src/rp2_common/pico_printf/printf.c.obj
 .text._atoi    0x0000000010002168       0x24 CMakeFiles/AudioPico.dir/home/jacko/pico/pico-sdk/src/rp2_common/pico_printf/printf.c.obj
 .text._out_rev
                0x000000001000218c       0xae CMakeFiles/AudioPico.dir/home/jacko/pico/pico-sdk/src/rp2_common/pico_printf/printf.c.obj
 .text._ntoa_format
                0x000000001000223a      0x110 CMakeFiles/AudioPico.dir/home/jacko/pico/pico-sdk/src/rp2_common/pico_printf/printf.c.obj
 .text._ntoa_long
                0x000000001000234a       0xbc CMakeFiles/AudioPico.dir/home/jacko/pico/pico-sdk/src/rp2_common/pico_printf/printf.c.obj
 .text._ntoa_long_long
                0x0000000010002406       0xe2 CMakeFiles/AudioPico.dir/home/jacko/pico/pico-sdk/src/rp2_common/pico_printf/printf.c.obj
 .text._etoa    0x00000000100024e8      0x40c CMakeFiles/AudioPico.dir/home/jacko/pico/pico-sdk/src/rp2_common/pico_printf/printf.c.obj
 .text._ftoa    0x00000000100028f4      0x354 CMakeFiles/AudioPico.dir/home/jacko/pico/pico-sdk/src/rp2_common/pico_printf/printf.c.obj
 .text._vsnprintf
                0x0000000010002c48      0x628 CMakeFiles/AudioPico.dir/home/jacko/pico/pico-sdk/src/rp2_common/pico_printf/printf.c.obj
 .text.vfctprintf
                0x0000000010003270       0x20 CMakeFiles/AudioPico.dir/home/jacko/pico/pico-sdk/src/rp2_common/pico_printf/printf.c.obj
                0x0000000010003270                vfctprintf
 .text          0x0000000010003290       0x10 CMakeFiles/AudioPico.dir/home/jacko/pico/pico-sdk/src/rp2_common/pico_bit_ops/bit_ops_aeabi.S.obj
 .text.rom_func_lookup
                0x00000000100032a0       0x10 CMakeFiles/AudioPico.dir/home/jacko/pico/pico-sdk/src/rp2_common/pico_bootrom/bootrom.c.obj
                0x00000000100032a0                rom_func_lookup
 .text.rom_data_lookup
                0x00000000100032b0       0x10 CMakeFiles/AudioPico.dir/home/jacko/pico/pico-sdk/src/rp2_common/pico_bootrom/bootrom.c.obj
                0x00000000100032b0                rom_data_lookup
 .text.rom_funcs_lookup
                0x00000000100032c0       0x36 CMakeFiles/AudioPico.dir/home/jacko/pico/pico-sdk/src/rp2_common/pico_bootrom/bootrom.c.obj
                0x00000000100032c0                rom_funcs_lookup
 *fill*         0x00000000100032f6        0x2 
 .text.__wrap___aeabi_idiv
                0x00000000100032f8       0x50 CMakeFiles/AudioPico.dir/home/jacko/pico/pico-sdk/src/rp2_common/pico_divider/divider.S.obj
                0x00000000100032f8                __wrap___aeabi_idivmod
                0x00000000100032f8                divmod_s32s32
                0x00000000100032f8                div_s32s32
                0x00000000100032f8                __wrap___aeabi_idiv
                0x0000000010003300                divmod_s32s32_unsafe
                0x000000001000332c                divmod_s32s32_savestate
 .text.__wrap___aeabi_uidiv
                0x0000000010003348       0x4c CMakeFiles/AudioPico.dir/home/jacko/pico/pico-sdk/src/rp2_common/pico_divider/divider.S.obj
                0x0000000010003348                __wrap___aeabi_uidiv
                0x0000000010003348                __wrap___aeabi_uidivmod
                0x0000000010003348                div_u32u32
                0x0000000010003348                divmod_u32u32
                0x0000000010003350                divmod_u32u32_unsafe
                0x0000000010003378                divmod_u32u32_savestate
 .text.__wrap___aeabi_ldiv
                0x0000000010003394      0x434 CMakeFiles/AudioPico.dir/home/jacko/pico/pico-sdk/src/rp2_common/pico_divider/divider.S.obj
                0x0000000010003394                div_s64s64
                0x0000000010003394                divmod_s64s64
                0x0000000010003394                __wrap___aeabi_ldivmod
                0x00000000100033cc                div_u64u64
                0x00000000100033cc                divmod_u64u64
                0x00000000100033cc                __wrap___aeabi_uldivmod
                0x00000000100033dc                divmod_u64u64_savestate
                0x0000000010003404                divmod_s64s64_unsafe
                0x000000001000348c                divmod_u64u64_unsafe
 .text.__wrap___aeabi_darithmetic
                0x00000000100037c8       0x80 CMakeFiles/AudioPico.dir/home/jacko/pico/pico-sdk/src/rp2_common/pico_double/double_aeabi.S.obj
                0x00000000100037c8                __wrap___aeabi_drsub
                0x00000000100037ce                __wrap___aeabi_dsub
                0x00000000100037e0                __wrap___aeabi_dadd
                0x00000000100037f2                __wrap___aeabi_ddiv
                0x000000001000382e                __wrap___aeabi_dmul
 .text.__wrap___aeabi_cdcmple
                0x0000000010003848       0x6c CMakeFiles/AudioPico.dir/home/jacko/pico/pico-sdk/src/rp2_common/pico_double/double_aeabi.S.obj
                0x0000000010003848                __wrap___aeabi_cdrcmple
                0x0000000010003858                __wrap___aeabi_cdcmple
                0x0000000010003858                __wrap___aeabi_cdcmpeq
 .text.__wrap___aeabi_dcmplt
                0x00000000100038b4        0xc CMakeFiles/AudioPico.dir/home/jacko/pico/pico-sdk/src/rp2_common/pico_double/double_aeabi.S.obj
                0x00000000100038b4                __wrap___aeabi_dcmplt
 .text.__wrap___aeabi_dcmple
                0x00000000100038c0       0x10 CMakeFiles/AudioPico.dir/home/jacko/pico/pico-sdk/src/rp2_common/pico_double/double_aeabi.S.obj
                0x00000000100038c0                __wrap___aeabi_dcmple
 .text.__wrap___aeabi_dcmpge
                0x00000000100038d0       0x10 CMakeFiles/AudioPico.dir/home/jacko/pico/pico-sdk/src/rp2_common/pico_double/double_aeabi.S.obj
                0x00000000100038d0                __wrap___aeabi_dcmpge
 .text.__wrap___aeabi_dcmpgt
                0x00000000100038e0        0xa CMakeFiles/AudioPico.dir/home/jacko/pico/pico-sdk/src/rp2_common/pico_double/double_aeabi.S.obj
                0x00000000100038e0                __wrap___aeabi_dcmpgt
 .text.__wrap___aeabi_dcmpun
                0x00000000100038ea       0x1c CMakeFiles/AudioPico.dir/home/jacko/pico/pico-sdk/src/rp2_common/pico_double/double_aeabi.S.obj
                0x00000000100038ea                __wrap___aeabi_dcmpun
 *fill*         0x0000000010003906        0x2 
 .text.__wrap___aeabi_i2d
                0x0000000010003908       0x38 CMakeFiles/AudioPico.dir/home/jacko/pico/pico-sdk/src/rp2_common/pico_double/double_aeabi.S.obj
                0x0000000010003908                __wrap___aeabi_ui2d
                0x0000000010003910                __wrap___aeabi_i2d
 .text.__wrap___aeabi_d2iz
                0x0000000010003940       0x48 CMakeFiles/AudioPico.dir/home/jacko/pico/pico-sdk/src/rp2_common/pico_double/double_aeabi.S.obj
                0x0000000010003940                __wrap___aeabi_d2iz
                0x0000000010003940                double2int_z
 .text.__wrap___aeabi_d2uiz
                0x0000000010003988       0x18 CMakeFiles/AudioPico.dir/home/jacko/pico/pico-sdk/src/rp2_common/pico_double/double_aeabi.S.obj
                0x0000000010003988                double2uint
                0x0000000010003988                __wrap___aeabi_d2uiz
 .text.__aeabi_double_init
                0x00000000100039a0       0xc8 CMakeFiles/AudioPico.dir/home/jacko/pico/pico-sdk/src/rp2_common/pico_double/double_init_rom.c.obj
                0x00000000100039a0                __aeabi_double_init
 .text.double_table_shim_on_use_helper
                0x0000000010003a68       0x34 CMakeFiles/AudioPico.dir/home/jacko/pico/pico-sdk/src/rp2_common/pico_double/double_v1_rom_shim.S.obj
                0x0000000010003a68                double_table_shim_on_use_helper
 .text.__wrap___aeabi_dsub
                0x0000000010003a9c       0x10 CMakeFiles/AudioPico.dir/home/jacko/pico/pico-sdk/src/rp2_common/pico_double/double_v1_rom_shim.S.obj
                0x0000000010003a9c                drsub_shim
                0x0000000010003aa2                dsub_shim
 .text.dadd_shim
                0x0000000010003aac      0x15c CMakeFiles/AudioPico.dir/home/jacko/pico/pico-sdk/src/rp2_common/pico_double/double_v1_rom_shim.S.obj
                0x0000000010003aac                dadd_shim
 .text.dmul_shim
                0x0000000010003c08      0x15c CMakeFiles/AudioPico.dir/home/jacko/pico/pico-sdk/src/rp2_common/pico_double/double_v1_rom_shim.S.obj
                0x0000000010003c08                dmul_shim
 .text.ddiv_shim
                0x0000000010003d64      0x1b0 CMakeFiles/AudioPico.dir/home/jacko/pico/pico-sdk/src/rp2_common/pico_double/double_v1_rom_shim.S.obj
                0x0000000010003d64                ddiv_shim
 .text.double2uint_shim
                0x0000000010003f14        0xe CMakeFiles/AudioPico.dir/home/jacko/pico/pico-sdk/src/rp2_common/pico_double/double_v1_rom_shim.S.obj
                0x0000000010003f14                double2uint_shim
                0x0000000010003f16                double2ufix_shim
 *fill*         0x0000000010003f22        0x2 
 .text.double2uint64_shim
                0x0000000010003f24       0x70 CMakeFiles/AudioPico.dir/home/jacko/pico/pico-sdk/src/rp2_common/pico_double/double_v1_rom_shim.S.obj
                0x0000000010003f24                double2uint64_shim
                0x0000000010003f26                double2ufix64_shim
                0x0000000010003f46                d2fix_a
 .text.dunpacks
                0x0000000010003f94       0x3c CMakeFiles/AudioPico.dir/home/jacko/pico/pico-sdk/src/rp2_common/pico_double/double_v1_rom_shim.S.obj
                0x0000000010003f94                dunpacks
 .text.__aeabi_lmul
                0x0000000010003fd0       0x32 CMakeFiles/AudioPico.dir/home/jacko/pico/pico-sdk/src/rp2_common/pico_int64_ops/pico_int64_ops_aeabi.S.obj
                0x0000000010003fd0                __wrap___aeabi_lmul
 *fill*         0x0000000010004002        0x2 
 .text.__aeabi_float_init
                0x0000000010004004       0xfc CMakeFiles/AudioPico.dir/home/jacko/pico/pico-sdk/src/rp2_common/pico_float/float_init_rom.c.obj
                0x0000000010004004                __aeabi_float_init
 .text.float_table_shim_on_use_helper
                0x0000000010004100       0x34 CMakeFiles/AudioPico.dir/home/jacko/pico/pico-sdk/src/rp2_common/pico_float/float_v1_rom_shim.S.obj
                0x0000000010004100                float_table_shim_on_use_helper
 .text          0x0000000010004134       0x10 CMakeFiles/AudioPico.dir/home/jacko/pico/pico-sdk/src/rp2_common/pico_mem_ops/mem_ops_aeabi.S.obj
                0x0000000010004134                __aeabi_mem_init
 .text.memset   0x0000000010004144        0xc CMakeFiles/AudioPico.dir/home/jacko/pico/pico-sdk/src/rp2_common/pico_mem_ops/mem_ops_aeabi.S.obj
                0x0000000010004144                __wrap_memset
 .text.memcpy   0x0000000010004150        0xc CMakeFiles/AudioPico.dir/home/jacko/pico/pico-sdk/src/rp2_common/pico_mem_ops/mem_ops_aeabi.S.obj
                0x0000000010004150                __wrap___aeabi_memcpy
                0x0000000010004150                __wrap_memcpy
 .text.stdio_out_chars_no_crlf
                0x000000001000415c        0xe CMakeFiles/AudioPico.dir/home/jacko/pico/pico-sdk/src/rp2_common/pico_stdio/stdio.c.obj
 *fill*         0x000000001000416a        0x2 
 .text.stdio_out_chars_crlf
                0x000000001000416c       0x80 CMakeFiles/AudioPico.dir/home/jacko/pico/pico-sdk/src/rp2_common/pico_stdio/stdio.c.obj
 .text.stdio_stack_buffer_flush
                0x00000000100041ec       0x44 CMakeFiles/AudioPico.dir/home/jacko/pico/pico-sdk/src/rp2_common/pico_stdio/stdio.c.obj
 .text.stdio_buffered_printer
                0x0000000010004230       0x20 CMakeFiles/AudioPico.dir/home/jacko/pico/pico-sdk/src/rp2_common/pico_stdio/stdio.c.obj
 .text.stdout_serialize_begin
                0x0000000010004250       0x30 CMakeFiles/AudioPico.dir/home/jacko/pico/pico-sdk/src/rp2_common/pico_stdio/stdio.c.obj
                0x0000000010004250                stdout_serialize_begin
 .text.stdout_serialize_end
                0x0000000010004280       0x10 CMakeFiles/AudioPico.dir/home/jacko/pico/pico-sdk/src/rp2_common/pico_stdio/stdio.c.obj
                0x0000000010004280                stdout_serialize_end
 .text.stdio_put_string
                0x0000000010004290       0x98 CMakeFiles/AudioPico.dir/home/jacko/pico/pico-sdk/src/rp2_common/pico_stdio/stdio.c.obj
 .text.stdio_set_driver_enabled
                0x0000000010004328       0x38 CMakeFiles/AudioPico.dir/home/jacko/pico/pico-sdk/src/rp2_common/pico_stdio/stdio.c.obj
                0x0000000010004328                stdio_set_driver_enabled
 .text.stdio_flush
                0x0000000010004360       0x20 CMakeFiles/AudioPico.dir/home/jacko/pico/pico-sdk/src/rp2_common/pico_stdio/stdio.c.obj
                0x0000000010004360                stdio_flush
 .text.__wrap_puts
                0x0000000010004380       0x1e CMakeFiles/AudioPico.dir/home/jacko/pico/pico-sdk/src/rp2_common/pico_stdio/stdio.c.obj
                0x0000000010004380                __wrap_puts
 *fill*         0x000000001000439e        0x2 
 .text.__wrap_vprintf
                0x00000000100043a0       0x44 CMakeFiles/AudioPico.dir/home/jacko/pico/pico-sdk/src/rp2_common/pico_stdio/stdio.c.obj
                0x00000000100043a0                __wrap_vprintf
 .text.__wrap_printf
                0x00000000100043e4       0x18 CMakeFiles/AudioPico.dir/home/jacko/pico/pico-sdk/src/rp2_common/pico_stdio/stdio.c.obj
                0x00000000100043e4                __wrap_printf
 .text.stdio_init_all
                0x00000000100043fc        0xc CMakeFiles/AudioPico.dir/home/jacko/pico/pico-sdk/src/rp2_common/pico_stdio/stdio.c.obj
                0x00000000100043fc                stdio_init_all
 .text.stdio_uart_out_chars
                0x0000000010004408       0x74 CMakeFiles/AudioPico.dir/home/jacko/pico/pico-sdk/src/rp2_common/pico_stdio_uart/stdio_uart.c.obj
 .text.stdio_uart_in_chars
                0x000000001000447c       0x54 CMakeFiles/AudioPico.dir/home/jacko/pico/pico-sdk/src/rp2_common/pico_stdio_uart/stdio_uart.c.obj
                0x000000001000447c                stdio_uart_in_chars
 .text.stdio_uart_init_full
                0x00000000100044d0       0x3c CMakeFiles/AudioPico.dir/home/jacko/pico/pico-sdk/src/rp2_common/pico_stdio_uart/stdio_uart.c.obj
                0x00000000100044d0                stdio_uart_init_full
 .text.stdio_uart_init
                0x000000001000450c       0x28 CMakeFiles/AudioPico.dir/home/jacko/pico/pico-sdk/src/rp2_common/pico_stdio_uart/stdio_uart.c.obj
                0x000000001000450c                stdio_uart_init
 .text.resetd_init
                0x0000000010004534        0x2 CMakeFiles/AudioPico.dir/home/jacko/pico/pico-sdk/src/rp2_common/pico_stdio_usb/reset_interface.c.obj
 *fill*         0x0000000010004536        0x2 
 .text.resetd_reset
                0x0000000010004538        0xc CMakeFiles/AudioPico.dir/home/jacko/pico/pico-sdk/src/rp2_common/pico_stdio_usb/reset_interface.c.obj
 .text.resetd_open
                0x0000000010004544       0x34 CMakeFiles/AudioPico.dir/home/jacko/pico/pico-sdk/src/rp2_common/pico_stdio_usb/reset_interface.c.obj
 .text.resetd_xfer_cb
                0x0000000010004578        0x4 CMakeFiles/AudioPico.dir/home/jacko/pico/pico-sdk/src/rp2_common/pico_stdio_usb/reset_interface.c.obj
 .text.resetd_control_xfer_cb
                0x000000001000457c       0x6c CMakeFiles/AudioPico.dir/home/jacko/pico/pico-sdk/src/rp2_common/pico_stdio_usb/reset_interface.c.obj
 .text.usbd_app_driver_get_cb
                0x00000000100045e8        0xc CMakeFiles/AudioPico.dir/home/jacko/pico/pico-sdk/src/rp2_common/pico_stdio_usb/reset_interface.c.obj
                0x00000000100045e8                usbd_app_driver_get_cb
 .text.tud_cdc_line_coding_cb
                0x00000000100045f4       0x34 CMakeFiles/AudioPico.dir/home/jacko/pico/pico-sdk/src/rp2_common/pico_stdio_usb/reset_interface.c.obj
                0x00000000100045f4                tud_cdc_line_coding_cb
 .text.stdio_usb_in_chars
                0x0000000010004628       0x70 CMakeFiles/AudioPico.dir/home/jacko/pico/pico-sdk/src/rp2_common/pico_stdio_usb/stdio_usb.c.obj
                0x0000000010004628                stdio_usb_in_chars
 .text.low_priority_worker_irq
                0x0000000010004698       0x20 CMakeFiles/AudioPico.dir/home/jacko/pico/pico-sdk/src/rp2_common/pico_stdio_usb/stdio_usb.c.obj
 .text.stdio_usb_out_chars
                0x00000000100046b8       0xd4 CMakeFiles/AudioPico.dir/home/jacko/pico/pico-sdk/src/rp2_common/pico_stdio_usb/stdio_usb.c.obj
 .text.timer_task
                0x000000001000478c       0x10 CMakeFiles/AudioPico.dir/home/jacko/pico/pico-sdk/src/rp2_common/pico_stdio_usb/stdio_usb.c.obj
 .text.stdio_usb_init
                0x000000001000479c       0xb8 CMakeFiles/AudioPico.dir/home/jacko/pico/pico-sdk/src/rp2_common/pico_stdio_usb/stdio_usb.c.obj
                0x000000001000479c                stdio_usb_init
 .text.tud_descriptor_device_cb
                0x0000000010004854        0x8 CMakeFiles/AudioPico.dir/home/jacko/pico/pico-sdk/src/rp2_common/pico_stdio_usb/stdio_usb_descriptors.c.obj
                0x0000000010004854                tud_descriptor_device_cb
 .text.tud_descriptor_configuration_cb
                0x000000001000485c        0x8 CMakeFiles/AudioPico.dir/home/jacko/pico/pico-sdk/src/rp2_common/pico_stdio_usb/stdio_usb_descriptors.c.obj
                0x000000001000485c                tud_descriptor_configuration_cb
 .text.tud_descriptor_string_cb
                0x0000000010004864       0x6c CMakeFiles/AudioPico.dir/home/jacko/pico/pico-sdk/src/rp2_common/pico_stdio_usb/stdio_usb_descriptors.c.obj
                0x0000000010004864                tud_descriptor_string_cb
 .text.hw_endpoint_get_by_addr
                0x00000000100048d0       0x18 CMakeFiles/AudioPico.dir/home/jacko/pico/pico-sdk/lib/tinyusb/src/portable/raspberrypi/rp2040/dcd_rp2040.c.obj
 .text.reset_ep0_pid
                0x00000000100048e8       0x28 CMakeFiles/AudioPico.dir/home/jacko/pico/pico-sdk/lib/tinyusb/src/portable/raspberrypi/rp2040/dcd_rp2040.c.obj
 .text._hw_endpoint_alloc
                0x0000000010004910       0x70 CMakeFiles/AudioPico.dir/home/jacko/pico/pico-sdk/lib/tinyusb/src/portable/raspberrypi/rp2040/dcd_rp2040.c.obj
 .text.hw_endpoint_init
                0x0000000010004980       0x88 CMakeFiles/AudioPico.dir/home/jacko/pico/pico-sdk/lib/tinyusb/src/portable/raspberrypi/rp2040/dcd_rp2040.c.obj
 .text.reset_non_control_endpoints
                0x0000000010004a08       0x40 CMakeFiles/AudioPico.dir/home/jacko/pico/pico-sdk/lib/tinyusb/src/portable/raspberrypi/rp2040/dcd_rp2040.c.obj
 .text.hw_handle_buff_status
                0x0000000010004a48       0x8c CMakeFiles/AudioPico.dir/home/jacko/pico/pico-sdk/lib/tinyusb/src/portable/raspberrypi/rp2040/dcd_rp2040.c.obj
 .text.dcd_rp2040_irq
                0x0000000010004ad4       0xc0 CMakeFiles/AudioPico.dir/home/jacko/pico/pico-sdk/lib/tinyusb/src/portable/raspberrypi/rp2040/dcd_rp2040.c.obj
 .text.hw_endpoint_xfer
                0x0000000010004b94       0x14 CMakeFiles/AudioPico.dir/home/jacko/pico/pico-sdk/lib/tinyusb/src/portable/raspberrypi/rp2040/dcd_rp2040.c.obj
 .text.dcd_int_enable
                0x0000000010004ba8       0x2c CMakeFiles/AudioPico.dir/home/jacko/pico/pico-sdk/lib/tinyusb/src/portable/raspberrypi/rp2040/dcd_rp2040.c.obj
                0x0000000010004ba8                dcd_int_enable
 .text.dcd_set_address
                0x0000000010004bd4       0x2c CMakeFiles/AudioPico.dir/home/jacko/pico/pico-sdk/lib/tinyusb/src/portable/raspberrypi/rp2040/dcd_rp2040.c.obj
                0x0000000010004bd4                dcd_set_address
 .text.dcd_connect
                0x0000000010004c00       0x10 CMakeFiles/AudioPico.dir/home/jacko/pico/pico-sdk/lib/tinyusb/src/portable/raspberrypi/rp2040/dcd_rp2040.c.obj
                0x0000000010004c00                dcd_connect
 .text.dcd_init
                0x0000000010004c10       0x7c CMakeFiles/AudioPico.dir/home/jacko/pico/pico-sdk/lib/tinyusb/src/portable/raspberrypi/rp2040/dcd_rp2040.c.obj
                0x0000000010004c10                dcd_init
 .text.dcd_edpt0_status_complete
                0x0000000010004c8c       0x1c CMakeFiles/AudioPico.dir/home/jacko/pico/pico-sdk/lib/tinyusb/src/portable/raspberrypi/rp2040/dcd_rp2040.c.obj
                0x0000000010004c8c                dcd_edpt0_status_complete
 .text.dcd_edpt_open
                0x0000000010004ca8       0x40 CMakeFiles/AudioPico.dir/home/jacko/pico/pico-sdk/lib/tinyusb/src/portable/raspberrypi/rp2040/dcd_rp2040.c.obj
                0x0000000010004ca8                dcd_edpt_open
 .text.dcd_edpt_close_all
                0x0000000010004ce8        0x8 CMakeFiles/AudioPico.dir/home/jacko/pico/pico-sdk/lib/tinyusb/src/portable/raspberrypi/rp2040/dcd_rp2040.c.obj
                0x0000000010004ce8                dcd_edpt_close_all
 .text.dcd_edpt_xfer
                0x0000000010004cf0       0x30 CMakeFiles/AudioPico.dir/home/jacko/pico/pico-sdk/lib/tinyusb/src/portable/raspberrypi/rp2040/dcd_rp2040.c.obj
                0x0000000010004cf0                dcd_edpt_xfer
 .text.dcd_edpt_stall
                0x0000000010004d20       0x2c CMakeFiles/AudioPico.dir/home/jacko/pico/pico-sdk/lib/tinyusb/src/portable/raspberrypi/rp2040/dcd_rp2040.c.obj
                0x0000000010004d20                dcd_edpt_stall
 .text.dcd_edpt_clear_stall
                0x0000000010004d4c       0x20 CMakeFiles/AudioPico.dir/home/jacko/pico/pico-sdk/lib/tinyusb/src/portable/raspberrypi/rp2040/dcd_rp2040.c.obj
                0x0000000010004d4c                dcd_edpt_clear_stall
 .text.prepare_ep_buffer
                0x0000000010004d6c       0x70 CMakeFiles/AudioPico.dir/home/jacko/pico/pico-sdk/lib/tinyusb/src/portable/raspberrypi/rp2040/rp2040_usb.c.obj
 .text.sync_ep_buffer
                0x0000000010004ddc       0x7c CMakeFiles/AudioPico.dir/home/jacko/pico/pico-sdk/lib/tinyusb/src/portable/raspberrypi/rp2040/rp2040_usb.c.obj
 .text._hw_endpoint_xfer_sync
                0x0000000010004e58       0x28 CMakeFiles/AudioPico.dir/home/jacko/pico/pico-sdk/lib/tinyusb/src/portable/raspberrypi/rp2040/rp2040_usb.c.obj
 .text.rp2040_usb_init
                0x0000000010004e80       0x4c CMakeFiles/AudioPico.dir/home/jacko/pico/pico-sdk/lib/tinyusb/src/portable/raspberrypi/rp2040/rp2040_usb.c.obj
                0x0000000010004e80                rp2040_usb_init
 .text.hw_endpoint_reset_transfer
                0x0000000010004ecc        0xc CMakeFiles/AudioPico.dir/home/jacko/pico/pico-sdk/lib/tinyusb/src/portable/raspberrypi/rp2040/rp2040_usb.c.obj
                0x0000000010004ecc                hw_endpoint_reset_transfer
 .text._hw_endpoint_buffer_control_update32
                0x0000000010004ed8       0x58 CMakeFiles/AudioPico.dir/home/jacko/pico/pico-sdk/lib/tinyusb/src/portable/raspberrypi/rp2040/rp2040_usb.c.obj
                0x0000000010004ed8                _hw_endpoint_buffer_control_update32
 .text._hw_endpoint_start_next_buffer
                0x0000000010004f30       0x74 CMakeFiles/AudioPico.dir/home/jacko/pico/pico-sdk/lib/tinyusb/src/portable/raspberrypi/rp2040/rp2040_usb.c.obj
 .text.hw_endpoint_xfer_start
                0x0000000010004fa4       0x48 CMakeFiles/AudioPico.dir/home/jacko/pico/pico-sdk/lib/tinyusb/src/portable/raspberrypi/rp2040/rp2040_usb.c.obj
                0x0000000010004fa4                hw_endpoint_xfer_start
 .text.hw_endpoint_xfer_continue
                0x0000000010004fec       0x38 CMakeFiles/AudioPico.dir/home/jacko/pico/pico-sdk/lib/tinyusb/src/portable/raspberrypi/rp2040/rp2040_usb.c.obj
                0x0000000010004fec                hw_endpoint_xfer_continue
 .text.configuration_reset
                0x0000000010005024       0x84 CMakeFiles/AudioPico.dir/home/jacko/pico/pico-sdk/lib/tinyusb/src/device/usbd.c.obj
 .text.usbd_reset
                0x00000000100050a8        0xc CMakeFiles/AudioPico.dir/home/jacko/pico/pico-sdk/lib/tinyusb/src/device/usbd.c.obj
 .text.invoke_class_control
                0x00000000100050b4       0x1a CMakeFiles/AudioPico.dir/home/jacko/pico/pico-sdk/lib/tinyusb/src/device/usbd.c.obj
 *fill*         0x00000000100050ce        0x2 
 .text.process_set_config
                0x00000000100050d0      0x1ac CMakeFiles/AudioPico.dir/home/jacko/pico/pico-sdk/lib/tinyusb/src/device/usbd.c.obj
 .text.process_get_descriptor
                0x000000001000527c       0xec CMakeFiles/AudioPico.dir/home/jacko/pico/pico-sdk/lib/tinyusb/src/device/usbd.c.obj
 .text.tud_mounted
                0x0000000010005368       0x10 CMakeFiles/AudioPico.dir/home/jacko/pico/pico-sdk/lib/tinyusb/src/device/usbd.c.obj
                0x0000000010005368                tud_mounted
 .text.tud_suspended
                0x0000000010005378       0x10 CMakeFiles/AudioPico.dir/home/jacko/pico/pico-sdk/lib/tinyusb/src/device/usbd.c.obj
                0x0000000010005378                tud_suspended
 .text.tud_inited
                0x0000000010005388        0xc CMakeFiles/AudioPico.dir/home/jacko/pico/pico-sdk/lib/tinyusb/src/device/usbd.c.obj
                0x0000000010005388                tud_inited
 .text.tud_init
                0x0000000010005394       0xcc CMakeFiles/AudioPico.dir/home/jacko/pico/pico-sdk/lib/tinyusb/src/device/usbd.c.obj
                0x0000000010005394                tud_init
 .text.dcd_event_handler
                0x0000000010005460      0x1e0 CMakeFiles/AudioPico.dir/home/jacko/pico/pico-sdk/lib/tinyusb/src/device/usbd.c.obj
                0x0000000010005460                dcd_event_handler
 .text.dcd_event_bus_signal
                0x0000000010005640       0x26 CMakeFiles/AudioPico.dir/home/jacko/pico/pico-sdk/lib/tinyusb/src/device/usbd.c.obj
                0x0000000010005640                dcd_event_bus_signal
 .text.dcd_event_bus_reset
                0x0000000010005666       0x2a CMakeFiles/AudioPico.dir/home/jacko/pico/pico-sdk/lib/tinyusb/src/device/usbd.c.obj
                0x0000000010005666                dcd_event_bus_reset
 .text.dcd_event_setup_received
                0x0000000010005690       0x34 CMakeFiles/AudioPico.dir/home/jacko/pico/pico-sdk/lib/tinyusb/src/device/usbd.c.obj
                0x0000000010005690                dcd_event_setup_received
 .text.dcd_event_xfer_complete
                0x00000000100056c4       0x44 CMakeFiles/AudioPico.dir/home/jacko/pico/pico-sdk/lib/tinyusb/src/device/usbd.c.obj
                0x00000000100056c4                dcd_event_xfer_complete
 .text.usbd_edpt_open
                0x0000000010005708       0x58 CMakeFiles/AudioPico.dir/home/jacko/pico/pico-sdk/lib/tinyusb/src/device/usbd.c.obj
                0x0000000010005708                usbd_edpt_open
 .text.usbd_open_edpt_pair
                0x0000000010005760       0x8c CMakeFiles/AudioPico.dir/home/jacko/pico/pico-sdk/lib/tinyusb/src/device/usbd.c.obj
                0x0000000010005760                usbd_open_edpt_pair
 .text.usbd_edpt_claim
                0x00000000100057ec       0x8c CMakeFiles/AudioPico.dir/home/jacko/pico/pico-sdk/lib/tinyusb/src/device/usbd.c.obj
                0x00000000100057ec                usbd_edpt_claim
 .text.usbd_edpt_release
                0x0000000010005878       0x68 CMakeFiles/AudioPico.dir/home/jacko/pico/pico-sdk/lib/tinyusb/src/device/usbd.c.obj
                0x0000000010005878                usbd_edpt_release
 .text.usbd_edpt_xfer
                0x00000000100058e0       0x80 CMakeFiles/AudioPico.dir/home/jacko/pico/pico-sdk/lib/tinyusb/src/device/usbd.c.obj
                0x00000000100058e0                usbd_edpt_xfer
 .text.usbd_edpt_stall
                0x0000000010005960       0x40 CMakeFiles/AudioPico.dir/home/jacko/pico/pico-sdk/lib/tinyusb/src/device/usbd.c.obj
                0x0000000010005960                usbd_edpt_stall
 .text.usbd_edpt_clear_stall
                0x00000000100059a0       0x40 CMakeFiles/AudioPico.dir/home/jacko/pico/pico-sdk/lib/tinyusb/src/device/usbd.c.obj
                0x00000000100059a0                usbd_edpt_clear_stall
 .text.usbd_edpt_stalled
                0x00000000100059e0       0x1c CMakeFiles/AudioPico.dir/home/jacko/pico/pico-sdk/lib/tinyusb/src/device/usbd.c.obj
                0x00000000100059e0                usbd_edpt_stalled
 .text.process_control_request
                0x00000000100059fc      0x3b8 CMakeFiles/AudioPico.dir/home/jacko/pico/pico-sdk/lib/tinyusb/src/device/usbd.c.obj
 .text.tud_task
                0x0000000010005db4      0x218 CMakeFiles/AudioPico.dir/home/jacko/pico/pico-sdk/lib/tinyusb/src/device/usbd.c.obj
                0x0000000010005db4                tud_task
 .text._data_stage_xact
                0x0000000010005fcc       0x58 CMakeFiles/AudioPico.dir/home/jacko/pico/pico-sdk/lib/tinyusb/src/device/usbd_control.c.obj
 .text.tud_control_status
                0x0000000010006024       0x38 CMakeFiles/AudioPico.dir/home/jacko/pico/pico-sdk/lib/tinyusb/src/device/usbd_control.c.obj
                0x0000000010006024                tud_control_status
 .text.tud_control_xfer
                0x000000001000605c       0xa8 CMakeFiles/AudioPico.dir/home/jacko/pico/pico-sdk/lib/tinyusb/src/device/usbd_control.c.obj
                0x000000001000605c                tud_control_xfer
 .text.usbd_control_reset
                0x0000000010006104       0x14 CMakeFiles/AudioPico.dir/home/jacko/pico/pico-sdk/lib/tinyusb/src/device/usbd_control.c.obj
                0x0000000010006104                usbd_control_reset
 .text.usbd_control_set_complete_callback
                0x0000000010006118        0xc CMakeFiles/AudioPico.dir/home/jacko/pico/pico-sdk/lib/tinyusb/src/device/usbd_control.c.obj
                0x0000000010006118                usbd_control_set_complete_callback
 .text.usbd_control_set_request
                0x0000000010006124       0x1c CMakeFiles/AudioPico.dir/home/jacko/pico/pico-sdk/lib/tinyusb/src/device/usbd_control.c.obj
                0x0000000010006124                usbd_control_set_request
 .text.usbd_control_xfer_cb
                0x0000000010006140       0xfc CMakeFiles/AudioPico.dir/home/jacko/pico/pico-sdk/lib/tinyusb/src/device/usbd_control.c.obj
                0x0000000010006140                usbd_control_xfer_cb
 .text._prep_out_transaction
                0x000000001000623c       0x46 CMakeFiles/AudioPico.dir/home/jacko/pico/pico-sdk/lib/tinyusb/src/class/cdc/cdc_device.c.obj
 *fill*         0x0000000010006282        0x2 
 .text.tud_cdc_n_connected
                0x0000000010006284       0x44 CMakeFiles/AudioPico.dir/home/jacko/pico/pico-sdk/lib/tinyusb/src/class/cdc/cdc_device.c.obj
                0x0000000010006284                tud_cdc_n_connected
 .text.tud_cdc_n_available
                0x00000000100062c8       0x18 CMakeFiles/AudioPico.dir/home/jacko/pico/pico-sdk/lib/tinyusb/src/class/cdc/cdc_device.c.obj
                0x00000000100062c8                tud_cdc_n_available
 .text.tud_cdc_n_read
                0x00000000100062e0       0x28 CMakeFiles/AudioPico.dir/home/jacko/pico/pico-sdk/lib/tinyusb/src/class/cdc/cdc_device.c.obj
                0x00000000100062e0                tud_cdc_n_read
 .text.tud_cdc_n_write_flush
                0x0000000010006308       0xcc CMakeFiles/AudioPico.dir/home/jacko/pico/pico-sdk/lib/tinyusb/src/class/cdc/cdc_device.c.obj
                0x0000000010006308                tud_cdc_n_write_flush
 .text.tud_cdc_n_write
                0x00000000100063d4       0x38 CMakeFiles/AudioPico.dir/home/jacko/pico/pico-sdk/lib/tinyusb/src/class/cdc/cdc_device.c.obj
                0x00000000100063d4                tud_cdc_n_write
 .text.tud_cdc_n_write_available
                0x000000001000640c       0x1c CMakeFiles/AudioPico.dir/home/jacko/pico/pico-sdk/lib/tinyusb/src/class/cdc/cdc_device.c.obj
                0x000000001000640c                tud_cdc_n_write_available
 .text.cdcd_init
                0x0000000010006428       0xbc CMakeFiles/AudioPico.dir/home/jacko/pico/pico-sdk/lib/tinyusb/src/class/cdc/cdc_device.c.obj
                0x0000000010006428                cdcd_init
 .text.cdcd_reset
                0x00000000100064e4       0x44 CMakeFiles/AudioPico.dir/home/jacko/pico/pico-sdk/lib/tinyusb/src/class/cdc/cdc_device.c.obj
                0x00000000100064e4                cdcd_reset
 .text.cdcd_open
                0x0000000010006528       0xf8 CMakeFiles/AudioPico.dir/home/jacko/pico/pico-sdk/lib/tinyusb/src/class/cdc/cdc_device.c.obj
                0x0000000010006528                cdcd_open
 .text.cdcd_control_xfer_cb
                0x0000000010006620      0x134 CMakeFiles/AudioPico.dir/home/jacko/pico/pico-sdk/lib/tinyusb/src/class/cdc/cdc_device.c.obj
                0x0000000010006620                cdcd_control_xfer_cb
 .text.cdcd_xfer_cb
                0x0000000010006754      0x144 CMakeFiles/AudioPico.dir/home/jacko/pico/pico-sdk/lib/tinyusb/src/class/cdc/cdc_device.c.obj
                0x0000000010006754                cdcd_xfer_cb
 .text.tusb_init
                0x0000000010006898       0x24 CMakeFiles/AudioPico.dir/home/jacko/pico/pico-sdk/lib/tinyusb/src/tusb.c.obj
                0x0000000010006898                tusb_init
 .text.tusb_inited
                0x00000000100068bc        0xe CMakeFiles/AudioPico.dir/home/jacko/pico/pico-sdk/lib/tinyusb/src/tusb.c.obj
                0x00000000100068bc                tusb_inited
 *fill*         0x00000000100068ca        0x2 
 .text.tu_edpt_validate
                0x00000000100068cc       0xa8 CMakeFiles/AudioPico.dir/home/jacko/pico/pico-sdk/lib/tinyusb/src/tusb.c.obj
                0x00000000100068cc                tu_edpt_validate
 .text.tu_edpt_bind_driver
                0x0000000010006974       0x2a CMakeFiles/AudioPico.dir/home/jacko/pico/pico-sdk/lib/tinyusb/src/tusb.c.obj
                0x0000000010006974                tu_edpt_bind_driver
 .text.advance_pointer
                0x000000001000699e       0x18 CMakeFiles/AudioPico.dir/home/jacko/pico/pico-sdk/lib/tinyusb/src/common/tusb_fifo.c.obj
 .text.backward_pointer
                0x00000000100069b6       0x1e CMakeFiles/AudioPico.dir/home/jacko/pico/pico-sdk/lib/tinyusb/src/common/tusb_fifo.c.obj
 .text.get_relative_pointer
                0x00000000100069d4       0x10 CMakeFiles/AudioPico.dir/home/jacko/pico/pico-sdk/lib/tinyusb/src/common/tusb_fifo.c.obj
 .text._tu_fifo_peek
                0x00000000100069e4       0x50 CMakeFiles/AudioPico.dir/home/jacko/pico/pico-sdk/lib/tinyusb/src/common/tusb_fifo.c.obj
 .text._ff_pull_const_addr
                0x0000000010006a34       0x4c CMakeFiles/AudioPico.dir/home/jacko/pico/pico-sdk/lib/tinyusb/src/common/tusb_fifo.c.obj
 .text._ff_pull_n
                0x0000000010006a80      0x10c CMakeFiles/AudioPico.dir/home/jacko/pico/pico-sdk/lib/tinyusb/src/common/tusb_fifo.c.obj
 .text._tu_fifo_peek_n
                0x0000000010006b8c       0x5e CMakeFiles/AudioPico.dir/home/jacko/pico/pico-sdk/lib/tinyusb/src/common/tusb_fifo.c.obj
 .text._tu_fifo_read_n
                0x0000000010006bea       0x4e CMakeFiles/AudioPico.dir/home/jacko/pico/pico-sdk/lib/tinyusb/src/common/tusb_fifo.c.obj
 .text._ff_push_const_addr
                0x0000000010006c38       0x40 CMakeFiles/AudioPico.dir/home/jacko/pico/pico-sdk/lib/tinyusb/src/common/tusb_fifo.c.obj
 .text._ff_push_n
                0x0000000010006c78      0x106 CMakeFiles/AudioPico.dir/home/jacko/pico/pico-sdk/lib/tinyusb/src/common/tusb_fifo.c.obj
 .text._tu_fifo_write_n
                0x0000000010006d7e       0x9e CMakeFiles/AudioPico.dir/home/jacko/pico/pico-sdk/lib/tinyusb/src/common/tusb_fifo.c.obj
 .text.tu_fifo_config
                0x0000000010006e1c       0x72 CMakeFiles/AudioPico.dir/home/jacko/pico/pico-sdk/lib/tinyusb/src/common/tusb_fifo.c.obj
                0x0000000010006e1c                tu_fifo_config
 .text.tu_fifo_count
                0x0000000010006e8e       0x26 CMakeFiles/AudioPico.dir/home/jacko/pico/pico-sdk/lib/tinyusb/src/common/tusb_fifo.c.obj
                0x0000000010006e8e                tu_fifo_count
 .text.tu_fifo_empty
                0x0000000010006eb4        0xe CMakeFiles/AudioPico.dir/home/jacko/pico/pico-sdk/lib/tinyusb/src/common/tusb_fifo.c.obj
                0x0000000010006eb4                tu_fifo_empty
 .text.tu_fifo_remaining
                0x0000000010006ec2       0x20 CMakeFiles/AudioPico.dir/home/jacko/pico/pico-sdk/lib/tinyusb/src/common/tusb_fifo.c.obj
                0x0000000010006ec2                tu_fifo_remaining
 .text.tu_fifo_read
                0x0000000010006ee2       0x42 CMakeFiles/AudioPico.dir/home/jacko/pico/pico-sdk/lib/tinyusb/src/common/tusb_fifo.c.obj
                0x0000000010006ee2                tu_fifo_read
 .text.tu_fifo_read_n
                0x0000000010006f24        0xa CMakeFiles/AudioPico.dir/home/jacko/pico/pico-sdk/lib/tinyusb/src/common/tusb_fifo.c.obj
                0x0000000010006f24                tu_fifo_read_n
 .text.tu_fifo_write
                0x0000000010006f2e       0x6c CMakeFiles/AudioPico.dir/home/jacko/pico/pico-sdk/lib/tinyusb/src/common/tusb_fifo.c.obj
                0x0000000010006f2e                tu_fifo_write
 .text.tu_fifo_write_n
                0x0000000010006f9a        0xa CMakeFiles/AudioPico.dir/home/jacko/pico/pico-sdk/lib/tinyusb/src/common/tusb_fifo.c.obj
                0x0000000010006f9a                tu_fifo_write_n
 .text.tu_fifo_clear
                0x0000000010006fa4       0x4c CMakeFiles/AudioPico.dir/home/jacko/pico/pico-sdk/lib/tinyusb/src/common/tusb_fifo.c.obj
                0x0000000010006fa4                tu_fifo_clear
 .text.tu_fifo_set_overwritable
                0x0000000010006ff0       0x3c CMakeFiles/AudioPico.dir/home/jacko/pico/pico-sdk/lib/tinyusb/src/common/tusb_fifo.c.obj
                0x0000000010006ff0                tu_fifo_set_overwritable
 .text._retrieve_unique_id_on_boot
                0x000000001000702c       0x10 CMakeFiles/AudioPico.dir/home/jacko/pico/pico-sdk/src/rp2_common/pico_unique_id/unique_id.c.obj
 .text.pico_get_unique_board_id_string
                0x000000001000703c       0x60 CMakeFiles/AudioPico.dir/home/jacko/pico/pico-sdk/src/rp2_common/pico_unique_id/unique_id.c.obj
                0x000000001000703c                pico_get_unique_board_id_string
 .text.flash_get_unique_id
                0x000000001000709c       0x46 CMakeFiles/AudioPico.dir/home/jacko/pico/pico-sdk/src/rp2_common/hardware_flash/flash.c.obj
                0x000000001000709c                flash_get_unique_id
 .text.spi_set_baudrate
                0x00000000100070e2       0x94 CMakeFiles/AudioPico.dir/home/jacko/pico/pico-sdk/src/rp2_common/hardware_spi/spi.c.obj
                0x00000000100070e2                spi_set_baudrate
 *fill*         0x0000000010007176        0x2 
 .text.spi_init
                0x0000000010007178       0x68 CMakeFiles/AudioPico.dir/home/jacko/pico/pico-sdk/src/rp2_common/hardware_spi/spi.c.obj
                0x0000000010007178                spi_init
 .text.i2c_set_baudrate
                0x00000000100071e0       0xf0 CMakeFiles/AudioPico.dir/home/jacko/pico/pico-sdk/src/rp2_common/hardware_i2c/i2c.c.obj
                0x00000000100071e0                i2c_set_baudrate
 .text.i2c_init
                0x00000000100072d0       0x58 CMakeFiles/AudioPico.dir/home/jacko/pico/pico-sdk/src/rp2_common/hardware_i2c/i2c.c.obj
                0x00000000100072d0                i2c_init
 .text          0x0000000010007328       0x68 /usr/lib/gcc/arm-none-eabi/9.2.1/../../../arm-none-eabi/lib/thumb/v6-m/nofp/libg.a(lib_a-strlen-stub.o)
                0x0000000010007328                strlen
 *(.fini)
 .fini          0x0000000010007390        0x4 /usr/lib/gcc/arm-none-eabi/9.2.1/thumb/v6-m/nofp/crti.o
                0x0000000010007390                _fini
 *fill*         0x0000000010007394        0x4 
 .fini.__stub   0x0000000010007398       0x70 linker stubs
 *crtbegin.o(.ctors)
 *crtbegin?.o(.ctors)
 *(EXCLUDE_FILE(*crtend.o *crtend?.o) .ctors)
 *(SORT_BY_NAME(.ctors.*))
 *(.ctors)
 *crtbegin.o(.dtors)
 *crtbegin?.o(.dtors)
 *(EXCLUDE_FILE(*crtend.o *crtend?.o) .dtors)
 *(SORT_BY_NAME(.dtors.*))
 *(.dtors)
 *(.eh_frame*)
 .eh_frame      0x0000000010007408        0x0 /usr/lib/gcc/arm-none-eabi/9.2.1/thumb/v6-m/nofp/crtbegin.o
                0x0000000010007408                . = ALIGN (0x4)

.glue_7         0x0000000010007408        0x0
 .glue_7        0x0000000010007408        0x0 linker stubs

.glue_7t        0x0000000010007408        0x0
 .glue_7t       0x0000000010007408        0x0 linker stubs

.vfp11_veneer   0x0000000010007408        0x0
 .vfp11_veneer  0x0000000010007408        0x0 linker stubs

.v4_bx          0x0000000010007408        0x0
 .v4_bx         0x0000000010007408        0x0 linker stubs

.iplt           0x0000000010007408        0x0
 .iplt          0x0000000010007408        0x0 /usr/lib/gcc/arm-none-eabi/9.2.1/thumb/v6-m/nofp/crtbegin.o

.rodata         0x0000000010007408     0x160c
 *(EXCLUDE_FILE(*libm.a: *libc.a:*lib_a-mem*.o *libgcc.a:) .rodata*)
 .rodata.main.str1.4
                0x0000000010007408       0x6e CMakeFiles/AudioPico.dir/AudioPico.c.obj
 *fill*         0x0000000010007476        0x2 
 .rodata.__func__.5221
                0x0000000010007478       0x15 CMakeFiles/AudioPico.dir/AudioPico.c.obj
 *fill*         0x000000001000748d        0x3 
 .rodata.spin_lock_claim_unused.str1.4
                0x0000000010007490       0x1b CMakeFiles/AudioPico.dir/home/jacko/pico/pico-sdk/src/rp2_common/hardware_sync/sync.c.obj
 *fill*         0x00000000100074ab        0x1 
 .rodata.repeating_timer_callback.str1.4
                0x00000000100074ac       0x4a CMakeFiles/AudioPico.dir/home/jacko/pico/pico-sdk/src/common/pico_time/time.c.obj
 *fill*         0x00000000100074f6        0x2 
 .rodata.alarm_pool_dump_key.str1.4
                0x00000000100074f8       0x33 CMakeFiles/AudioPico.dir/home/jacko/pico/pico-sdk/src/common/pico_time/time.c.obj
 *fill*         0x000000001000752b        0x1 
 .rodata.ph_add_child_node.str1.4
                0x000000001000752c       0x96 CMakeFiles/AudioPico.dir/home/jacko/pico/pico-sdk/src/common/pico_time/time.c.obj
 *fill*         0x00000000100075c2        0x2 
 .rodata.add_alarm_under_lock.str1.4
                0x00000000100075c4       0x28 CMakeFiles/AudioPico.dir/home/jacko/pico/pico-sdk/src/common/pico_time/time.c.obj
                                         0x2b (size before relaxing)
 .rodata.alarm_pool_alarm_callback.str1.4
                0x00000000100075ec       0x82 CMakeFiles/AudioPico.dir/home/jacko/pico/pico-sdk/src/common/pico_time/time.c.obj
                                         0xe2 (size before relaxing)
 *fill*         0x000000001000766e        0x2 
 .rodata.alarm_pool_get_default.str1.4
                0x0000000010007670       0x21 CMakeFiles/AudioPico.dir/home/jacko/pico/pico-sdk/src/common/pico_time/time.c.obj
 *fill*         0x0000000010007691        0x3 
 .rodata.alarm_pool_cancel_alarm.str1.4
                0x0000000010007694       0x27 CMakeFiles/AudioPico.dir/home/jacko/pico/pico-sdk/src/common/pico_time/time.c.obj
 *fill*         0x00000000100076bb        0x1 
 .rodata.__func__.5701
                0x00000000100076bc       0x15 CMakeFiles/AudioPico.dir/home/jacko/pico/pico-sdk/src/common/pico_time/time.c.obj
 *fill*         0x00000000100076d1        0x3 
 .rodata.__func__.6007
                0x00000000100076d4        0xc CMakeFiles/AudioPico.dir/home/jacko/pico/pico-sdk/src/common/pico_time/time.c.obj
 .rodata.__func__.6014
                0x00000000100076e0       0x12 CMakeFiles/AudioPico.dir/home/jacko/pico/pico-sdk/src/common/pico_time/time.c.obj
 *fill*         0x00000000100076f2        0x2 
 .rodata.__func__.6030
                0x00000000100076f4        0xf CMakeFiles/AudioPico.dir/home/jacko/pico/pico-sdk/src/common/pico_time/time.c.obj
 *fill*         0x0000000010007703        0x1 
 .rodata.__func__.6052
                0x0000000010007704        0xd CMakeFiles/AudioPico.dir/home/jacko/pico/pico-sdk/src/common/pico_time/time.c.obj
 *fill*         0x0000000010007711        0x3 
 .rodata.__func__.6276
                0x0000000010007714        0xa CMakeFiles/AudioPico.dir/home/jacko/pico/pico-sdk/src/common/pico_time/time.c.obj
 *fill*         0x000000001000771e        0x2 
 .rodata.__func__.6281
                0x0000000010007720       0x12 CMakeFiles/AudioPico.dir/home/jacko/pico/pico-sdk/src/common/pico_time/time.c.obj
 *fill*         0x0000000010007732        0x2 
 .rodata.__func__.6296
                0x0000000010007734       0x17 CMakeFiles/AudioPico.dir/home/jacko/pico/pico-sdk/src/common/pico_time/time.c.obj
 *fill*         0x000000001000774b        0x1 
 .rodata.__func__.6307
                0x000000001000774c       0x15 CMakeFiles/AudioPico.dir/home/jacko/pico/pico-sdk/src/common/pico_time/time.c.obj
 *fill*         0x0000000010007761        0x3 
 .rodata.__func__.6324
                0x0000000010007764       0x1a CMakeFiles/AudioPico.dir/home/jacko/pico/pico-sdk/src/common/pico_time/time.c.obj
 *fill*         0x000000001000777e        0x2 
 .rodata.__func__.6363
                0x0000000010007780       0x18 CMakeFiles/AudioPico.dir/home/jacko/pico/pico-sdk/src/common/pico_time/time.c.obj
 .rodata.hardware_alarm_claim.str1.4
                0x0000000010007798       0x22 CMakeFiles/AudioPico.dir/home/jacko/pico/pico-sdk/src/rp2_common/hardware_timer/timer.c.obj
 *fill*         0x00000000100077ba        0x2 
 .rodata.hardware_alarm_set_target.str1.4
                0x00000000100077bc       0x64 CMakeFiles/AudioPico.dir/home/jacko/pico/pico-sdk/src/rp2_common/hardware_timer/timer.c.obj
 .rodata.__func__.4559
                0x0000000010007820       0x1a CMakeFiles/AudioPico.dir/home/jacko/pico/pico-sdk/src/rp2_common/hardware_timer/timer.c.obj
 *fill*         0x000000001000783a        0x2 
 .rodata.str1.4
                0x000000001000783c       0x89 CMakeFiles/AudioPico.dir/home/jacko/pico/pico-sdk/src/common/pico_sync/mutex.c.obj
                                         0xe9 (size before relaxing)
 *fill*         0x00000000100078c5        0x3 
 .rodata.__func__.4193
                0x00000000100078c8       0x15 CMakeFiles/AudioPico.dir/home/jacko/pico/pico-sdk/src/common/pico_sync/mutex.c.obj
 *fill*         0x00000000100078dd        0x3 
 .rodata.__func__.4681
                0x00000000100078e0       0x18 CMakeFiles/AudioPico.dir/home/jacko/pico/pico-sdk/src/common/pico_sync/mutex.c.obj
 .rodata.__func__.4700
                0x00000000100078f8        0xb CMakeFiles/AudioPico.dir/home/jacko/pico/pico-sdk/src/common/pico_sync/mutex.c.obj
 .rodata.ph_add_child_node.str1.4
                0x0000000010007903       0x96 CMakeFiles/AudioPico.dir/home/jacko/pico/pico-sdk/src/common/pico_util/pheap.c.obj
 *fill*         0x0000000010007903        0x1 
 .rodata.ph_remove_any_head.str1.4
                0x0000000010007904       0x8c CMakeFiles/AudioPico.dir/home/jacko/pico/pico-sdk/src/common/pico_util/pheap.c.obj
 .rodata.ph_remove_and_free_node.str1.4
                0x0000000010007990       0x26 CMakeFiles/AudioPico.dir/home/jacko/pico/pico-sdk/src/common/pico_util/pheap.c.obj
 *fill*         0x00000000100079b6        0x2 
 .rodata.__func__.5708
                0x00000000100079b8        0xc CMakeFiles/AudioPico.dir/home/jacko/pico/pico-sdk/src/common/pico_util/pheap.c.obj
 .rodata.__func__.5715
                0x00000000100079c4       0x12 CMakeFiles/AudioPico.dir/home/jacko/pico/pico-sdk/src/common/pico_util/pheap.c.obj
 *fill*         0x00000000100079d6        0x2 
 .rodata.__func__.5801
                0x00000000100079d8       0x13 CMakeFiles/AudioPico.dir/home/jacko/pico/pico-sdk/src/common/pico_util/pheap.c.obj
 *fill*         0x00000000100079eb        0x1 
 .rodata.__func__.5819
                0x00000000100079ec       0x18 CMakeFiles/AudioPico.dir/home/jacko/pico/pico-sdk/src/common/pico_util/pheap.c.obj
 .rodata.__assert_func.str1.4
                0x0000000010007a04       0x3f CMakeFiles/AudioPico.dir/home/jacko/pico/pico-sdk/src/rp2_common/pico_runtime/runtime.c.obj
                                         0x43 (size before relaxing)
 *fill*         0x0000000010007a43        0x1 
 .rodata.runtime_init.str1.4
                0x0000000010007a44       0x60 CMakeFiles/AudioPico.dir/home/jacko/pico/pico-sdk/src/rp2_common/pico_runtime/runtime.c.obj
 .rodata.panic.str1.4
                0x0000000010007aa4       0x12 CMakeFiles/AudioPico.dir/home/jacko/pico/pico-sdk/src/rp2_common/pico_runtime/runtime.c.obj
 *fill*         0x0000000010007ab6        0x2 
 .rodata.__func__.5816
                0x0000000010007ab8        0xd CMakeFiles/AudioPico.dir/home/jacko/pico/pico-sdk/src/rp2_common/pico_runtime/runtime.c.obj
 *fill*         0x0000000010007ac5        0x3 
 .rodata.clock_configure.str1.4
                0x0000000010007ac8       0x56 CMakeFiles/AudioPico.dir/home/jacko/pico/pico-sdk/src/rp2_common/hardware_clocks/clocks.c.obj
 *fill*         0x0000000010007b1e        0x2 
 .rodata.__func__.4688
                0x0000000010007b20       0x10 CMakeFiles/AudioPico.dir/home/jacko/pico/pico-sdk/src/rp2_common/hardware_clocks/clocks.c.obj
 .rodata.make_branch.str1.4
                0x0000000010007b30       0x4c CMakeFiles/AudioPico.dir/home/jacko/pico/pico-sdk/src/rp2_common/hardware_irq/irq.c.obj
 .rodata.irq_set_exclusive_handler.str1.4
                0x0000000010007b7c       0x36 CMakeFiles/AudioPico.dir/home/jacko/pico/pico-sdk/src/rp2_common/hardware_irq/irq.c.obj
 *fill*         0x0000000010007bb2        0x2 
 .rodata.irq_add_shared_handler.str1.4
                0x0000000010007bb4       0xd9 CMakeFiles/AudioPico.dir/home/jacko/pico/pico-sdk/src/rp2_common/hardware_irq/irq.c.obj
 *fill*         0x0000000010007c8d        0x3 
 .rodata.irq_remove_handler.str1.4
                0x0000000010007c90       0x2a CMakeFiles/AudioPico.dir/home/jacko/pico/pico-sdk/src/rp2_common/hardware_irq/irq.c.obj
 *fill*         0x0000000010007cba        0x2 
 .rodata.irq_add_tail_to_free_list.str1.4
                0x0000000010007cbc       0x32 CMakeFiles/AudioPico.dir/home/jacko/pico/pico-sdk/src/rp2_common/hardware_irq/irq.c.obj
                                         0x3a (size before relaxing)
 *fill*         0x0000000010007cee        0x2 
 .rodata.__func__.4733
                0x0000000010007cf0       0x1a CMakeFiles/AudioPico.dir/home/jacko/pico/pico-sdk/src/rp2_common/hardware_irq/irq.c.obj
 *fill*         0x0000000010007d0a        0x2 
 .rodata.__func__.4747
                0x0000000010007d0c        0xc CMakeFiles/AudioPico.dir/home/jacko/pico/pico-sdk/src/rp2_common/hardware_irq/irq.c.obj
 .rodata.__func__.4755
                0x0000000010007d18       0x17 CMakeFiles/AudioPico.dir/home/jacko/pico/pico-sdk/src/rp2_common/hardware_irq/irq.c.obj
 *fill*         0x0000000010007d2f        0x1 
 .rodata.__func__.4759
                0x0000000010007d30        0xf CMakeFiles/AudioPico.dir/home/jacko/pico/pico-sdk/src/rp2_common/hardware_irq/irq.c.obj
 *fill*         0x0000000010007d3f        0x1 
 .rodata.__func__.4798
                0x0000000010007d40       0x13 CMakeFiles/AudioPico.dir/home/jacko/pico/pico-sdk/src/rp2_common/hardware_irq/irq.c.obj
 *fill*         0x0000000010007d53        0x1 
 .rodata.__func__.4821
                0x0000000010007d54       0x1a CMakeFiles/AudioPico.dir/home/jacko/pico/pico-sdk/src/rp2_common/hardware_irq/irq.c.obj
 *fill*         0x0000000010007d6e        0x2 
 .rodata.pll_init.str1.4
                0x0000000010007d70       0xd7 CMakeFiles/AudioPico.dir/home/jacko/pico/pico-sdk/src/rp2_common/hardware_pll/pll.c.obj
 *fill*         0x0000000010007e47        0x1 
 .rodata.__func__.4408
                0x0000000010007e48        0x9 CMakeFiles/AudioPico.dir/home/jacko/pico/pico-sdk/src/rp2_common/hardware_pll/pll.c.obj
 *fill*         0x0000000010007e51        0x3 
 .rodata._ftoa.str1.4
                0x0000000010007e54       0x15 CMakeFiles/AudioPico.dir/home/jacko/pico/pico-sdk/src/rp2_common/pico_printf/printf.c.obj
 *fill*         0x0000000010007e69        0x3 
 .rodata._vsnprintf
                0x0000000010007e6c      0x1e0 CMakeFiles/AudioPico.dir/home/jacko/pico/pico-sdk/src/rp2_common/pico_printf/printf.c.obj
 *fill*         0x000000001000804c        0x4 
 .rodata.pow10.5422
                0x0000000010008050       0x50 CMakeFiles/AudioPico.dir/home/jacko/pico/pico-sdk/src/rp2_common/pico_printf/printf.c.obj
 .rodata.__aeabi_double_init.str1.4
                0x00000000100080a0       0xa7 CMakeFiles/AudioPico.dir/home/jacko/pico/pico-sdk/src/rp2_common/pico_double/double_init_rom.c.obj
 *fill*         0x0000000010008147        0x1 
 .rodata.__func__.4719
                0x0000000010008148       0x14 CMakeFiles/AudioPico.dir/home/jacko/pico/pico-sdk/src/rp2_common/pico_double/double_init_rom.c.obj
 .rodata.__aeabi_float_init.str1.4
                0x000000001000815c       0x79 CMakeFiles/AudioPico.dir/home/jacko/pico/pico-sdk/src/rp2_common/pico_float/float_init_rom.c.obj
                                         0x7d (size before relaxing)
 *fill*         0x00000000100081d5        0x3 
 .rodata.__func__.4720
                0x00000000100081d8       0x13 CMakeFiles/AudioPico.dir/home/jacko/pico/pico-sdk/src/rp2_common/pico_float/float_init_rom.c.obj
 *fill*         0x00000000100081eb        0x1 
 .rodata.str1.4
                0x00000000100081ec       0x44 CMakeFiles/AudioPico.dir/home/jacko/pico/pico-sdk/src/rp2_common/pico_standard_link/binary_info.c.obj
 .rodata.__bi_44
                0x0000000010008230        0xc CMakeFiles/AudioPico.dir/home/jacko/pico/pico-sdk/src/rp2_common/pico_standard_link/binary_info.c.obj
 .rodata.__bi_56
                0x000000001000823c        0xc CMakeFiles/AudioPico.dir/home/jacko/pico/pico-sdk/src/rp2_common/pico_standard_link/binary_info.c.obj
 .rodata.__bi_75
                0x0000000010008248        0xc CMakeFiles/AudioPico.dir/home/jacko/pico/pico-sdk/src/rp2_common/pico_standard_link/binary_info.c.obj
 .rodata.__bi_81
                0x0000000010008254        0xc CMakeFiles/AudioPico.dir/home/jacko/pico/pico-sdk/src/rp2_common/pico_standard_link/binary_info.c.obj
 .rodata.crlf_str.6056
                0x0000000010008260        0x2 CMakeFiles/AudioPico.dir/home/jacko/pico/pico-sdk/src/rp2_common/pico_stdio/stdio.c.obj
 *fill*         0x0000000010008262        0x2 
 .rodata.str1.4
                0x0000000010008264       0x2c CMakeFiles/AudioPico.dir/home/jacko/pico/pico-sdk/src/rp2_common/pico_stdio_uart/stdio_uart.c.obj
 .rodata.__bi_28.4752
                0x0000000010008290        0xc CMakeFiles/AudioPico.dir/home/jacko/pico/pico-sdk/src/rp2_common/pico_stdio_uart/stdio_uart.c.obj
 .rodata.__bi_29.4756
                0x000000001000829c        0x8 CMakeFiles/AudioPico.dir/home/jacko/pico/pico-sdk/src/rp2_common/pico_stdio_uart/stdio_uart.c.obj
 .rodata._resetd_driver
                0x00000000100082a4       0x18 CMakeFiles/AudioPico.dir/home/jacko/pico/pico-sdk/src/rp2_common/pico_stdio_usb/reset_interface.c.obj
 .rodata.stdio_usb_init.str1.4
                0x00000000100082bc       0x60 CMakeFiles/AudioPico.dir/home/jacko/pico/pico-sdk/src/rp2_common/pico_stdio_usb/stdio_usb.c.obj
 .rodata.str1.4
                0x00000000100082bc       0x13 CMakeFiles/AudioPico.dir/home/jacko/pico/pico-sdk/src/rp2_common/pico_stdio_usb/stdio_usb.c.obj
 *fill*         0x00000000100082cf        0x1 
 .rodata.__bi_93.7216
                0x00000000100082d0        0xc CMakeFiles/AudioPico.dir/home/jacko/pico/pico-sdk/src/rp2_common/pico_stdio_usb/stdio_usb.c.obj
 .rodata.__func__.5424
                0x00000000100082dc       0x15 CMakeFiles/AudioPico.dir/home/jacko/pico/pico-sdk/src/rp2_common/pico_stdio_usb/stdio_usb.c.obj
 *fill*         0x00000000100082f1        0x3 
 .rodata.str1.4
                0x00000000100082f4       0x2a CMakeFiles/AudioPico.dir/home/jacko/pico/pico-sdk/src/rp2_common/pico_stdio_usb/stdio_usb_descriptors.c.obj
 *fill*         0x000000001000831e        0x2 
 .rodata.usbd_desc_cfg
                0x0000000010008320       0x54 CMakeFiles/AudioPico.dir/home/jacko/pico/pico-sdk/src/rp2_common/pico_stdio_usb/stdio_usb_descriptors.c.obj
 .rodata.usbd_desc_device
                0x0000000010008374       0x12 CMakeFiles/AudioPico.dir/home/jacko/pico/pico-sdk/src/rp2_common/pico_stdio_usb/stdio_usb_descriptors.c.obj
 *fill*         0x0000000010008386        0x2 
 .rodata.usbd_desc_str
                0x0000000010008388       0x18 CMakeFiles/AudioPico.dir/home/jacko/pico/pico-sdk/src/rp2_common/pico_stdio_usb/stdio_usb_descriptors.c.obj
 .rodata._hw_endpoint_alloc.str1.4
                0x00000000100083a0       0xb5 CMakeFiles/AudioPico.dir/home/jacko/pico/pico-sdk/lib/tinyusb/src/portable/raspberrypi/rp2040/dcd_rp2040.c.obj
 *fill*         0x0000000010008455        0x3 
 .rodata.dcd_rp2040_irq.str1.4
                0x0000000010008458       0x14 CMakeFiles/AudioPico.dir/home/jacko/pico/pico-sdk/lib/tinyusb/src/portable/raspberrypi/rp2040/dcd_rp2040.c.obj
 .rodata.dcd_int_enable.str1.4
                0x000000001000846c        0xc CMakeFiles/AudioPico.dir/home/jacko/pico/pico-sdk/lib/tinyusb/src/portable/raspberrypi/rp2040/dcd_rp2040.c.obj
 .rodata.__func__.6888
                0x0000000010008478       0x13 CMakeFiles/AudioPico.dir/home/jacko/pico/pico-sdk/lib/tinyusb/src/portable/raspberrypi/rp2040/dcd_rp2040.c.obj
 *fill*         0x000000001000848b        0x1 
 .rodata.__func__.6941
                0x000000001000848c        0x9 CMakeFiles/AudioPico.dir/home/jacko/pico/pico-sdk/lib/tinyusb/src/portable/raspberrypi/rp2040/dcd_rp2040.c.obj
 *fill*         0x0000000010008495        0x3 
 .rodata.__func__.6945
                0x0000000010008498        0xf CMakeFiles/AudioPico.dir/home/jacko/pico/pico-sdk/lib/tinyusb/src/portable/raspberrypi/rp2040/dcd_rp2040.c.obj
 *fill*         0x00000000100084a7        0x1 
 .rodata.__func__.6954
                0x00000000100084a8       0x10 CMakeFiles/AudioPico.dir/home/jacko/pico/pico-sdk/lib/tinyusb/src/portable/raspberrypi/rp2040/dcd_rp2040.c.obj
 .rodata.__func__.6973
                0x00000000100084b8        0xe CMakeFiles/AudioPico.dir/home/jacko/pico/pico-sdk/lib/tinyusb/src/portable/raspberrypi/rp2040/dcd_rp2040.c.obj
 *fill*         0x00000000100084c6        0x2 
 .rodata.__func__.6983
                0x00000000100084c8        0xe CMakeFiles/AudioPico.dir/home/jacko/pico/pico-sdk/lib/tinyusb/src/portable/raspberrypi/rp2040/dcd_rp2040.c.obj
 *fill*         0x00000000100084d6        0x2 
 .rodata.sync_ep_buffer.str1.4
                0x00000000100084d8       0x91 CMakeFiles/AudioPico.dir/home/jacko/pico/pico-sdk/lib/tinyusb/src/portable/raspberrypi/rp2040/rp2040_usb.c.obj
 *fill*         0x0000000010008569        0x3 
 .rodata._hw_endpoint_buffer_control_update32.str1.4
                0x000000001000856c       0x1f CMakeFiles/AudioPico.dir/home/jacko/pico/pico-sdk/lib/tinyusb/src/portable/raspberrypi/rp2040/rp2040_usb.c.obj
 *fill*         0x000000001000858b        0x1 
 .rodata.hw_endpoint_xfer_start.str1.4
                0x000000001000858c       0x38 CMakeFiles/AudioPico.dir/home/jacko/pico/pico-sdk/lib/tinyusb/src/portable/raspberrypi/rp2040/rp2040_usb.c.obj
 .rodata.hw_endpoint_xfer_continue.str1.4
                0x00000000100085c4       0x29 CMakeFiles/AudioPico.dir/home/jacko/pico/pico-sdk/lib/tinyusb/src/portable/raspberrypi/rp2040/rp2040_usb.c.obj
 .rodata.str1.4
                0x00000000100085ed       0x29 CMakeFiles/AudioPico.dir/home/jacko/pico/pico-sdk/lib/tinyusb/src/portable/raspberrypi/rp2040/rp2040_usb.c.obj
                                          0x7 (size before relaxing)
 *fill*         0x00000000100085ed        0x3 
 .rodata.__func__.6655
                0x00000000100085f0        0xf CMakeFiles/AudioPico.dir/home/jacko/pico/pico-sdk/lib/tinyusb/src/portable/raspberrypi/rp2040/rp2040_usb.c.obj
 *fill*         0x00000000100085ff        0x1 
 .rodata.process_set_config.str1.4
                0x0000000010008600       0x17 CMakeFiles/AudioPico.dir/home/jacko/pico/pico-sdk/lib/tinyusb/src/device/usbd.c.obj
 *fill*         0x0000000010008617        0x1 
 .rodata.process_get_descriptor
                0x0000000010008618       0x40 CMakeFiles/AudioPico.dir/home/jacko/pico/pico-sdk/lib/tinyusb/src/device/usbd.c.obj
 .rodata.process_control_request
                0x0000000010008658       0x28 CMakeFiles/AudioPico.dir/home/jacko/pico/pico-sdk/lib/tinyusb/src/device/usbd.c.obj
 .rodata.tud_task
                0x0000000010008680       0x24 CMakeFiles/AudioPico.dir/home/jacko/pico/pico-sdk/lib/tinyusb/src/device/usbd.c.obj
 .rodata.__func__.6564
                0x00000000100086a4       0x10 CMakeFiles/AudioPico.dir/home/jacko/pico/pico-sdk/lib/tinyusb/src/device/usbd.c.obj
 .rodata.__func__.7362
                0x00000000100086b4        0x9 CMakeFiles/AudioPico.dir/home/jacko/pico/pico-sdk/lib/tinyusb/src/device/usbd.c.obj
 *fill*         0x00000000100086bd        0x3 
 .rodata.__func__.7383
                0x00000000100086c0       0x18 CMakeFiles/AudioPico.dir/home/jacko/pico/pico-sdk/lib/tinyusb/src/device/usbd.c.obj
 .rodata.__func__.7426
                0x00000000100086d8       0x13 CMakeFiles/AudioPico.dir/home/jacko/pico/pico-sdk/lib/tinyusb/src/device/usbd.c.obj
 *fill*         0x00000000100086eb        0x1 
 .rodata.__func__.7461
                0x00000000100086ec       0x17 CMakeFiles/AudioPico.dir/home/jacko/pico/pico-sdk/lib/tinyusb/src/device/usbd.c.obj
 *fill*         0x0000000010008703        0x1 
 .rodata.__func__.7515
                0x0000000010008704       0x14 CMakeFiles/AudioPico.dir/home/jacko/pico/pico-sdk/lib/tinyusb/src/device/usbd.c.obj
 .rodata.__func__.7529
                0x0000000010008718        0xf CMakeFiles/AudioPico.dir/home/jacko/pico/pico-sdk/lib/tinyusb/src/device/usbd.c.obj
 *fill*         0x0000000010008727        0x1 
 .rodata.__func__.7552
                0x0000000010008728        0xf CMakeFiles/AudioPico.dir/home/jacko/pico/pico-sdk/lib/tinyusb/src/device/usbd.c.obj
 *fill*         0x0000000010008737        0x1 
 .rodata._usbd_driver
                0x0000000010008738       0x18 CMakeFiles/AudioPico.dir/home/jacko/pico/pico-sdk/lib/tinyusb/src/device/usbd.c.obj
 .rodata.tud_control_xfer.str1.4
                0x0000000010008750       0x17 CMakeFiles/AudioPico.dir/home/jacko/pico/pico-sdk/lib/tinyusb/src/device/usbd_control.c.obj
 .rodata.__func__.7277
                0x0000000010008750       0x11 CMakeFiles/AudioPico.dir/home/jacko/pico/pico-sdk/lib/tinyusb/src/device/usbd_control.c.obj
 *fill*         0x0000000010008761        0x3 
 .rodata.__func__.7304
                0x0000000010008764       0x15 CMakeFiles/AudioPico.dir/home/jacko/pico/pico-sdk/lib/tinyusb/src/device/usbd_control.c.obj
 .rodata.tud_cdc_n_write_flush.str1.4
                0x0000000010008779       0x17 CMakeFiles/AudioPico.dir/home/jacko/pico/pico-sdk/lib/tinyusb/src/class/cdc/cdc_device.c.obj
 *fill*         0x0000000010008779        0x3 
 .rodata.__func__.7213
                0x000000001000877c       0x16 CMakeFiles/AudioPico.dir/home/jacko/pico/pico-sdk/lib/tinyusb/src/class/cdc/cdc_device.c.obj
 *fill*         0x0000000010008792        0x2 
 .rodata.__func__.7246
                0x0000000010008794        0xa CMakeFiles/AudioPico.dir/home/jacko/pico/pico-sdk/lib/tinyusb/src/class/cdc/cdc_device.c.obj
 *fill*         0x000000001000879e        0x2 
 .rodata.__func__.7281
                0x00000000100087a0        0xd CMakeFiles/AudioPico.dir/home/jacko/pico/pico-sdk/lib/tinyusb/src/class/cdc/cdc_device.c.obj
 .rodata.tusb_init.str1.4
                0x00000000100087ad       0x17 CMakeFiles/AudioPico.dir/home/jacko/pico/pico-sdk/lib/tinyusb/src/tusb.c.obj
 *fill*         0x00000000100087ad        0x3 
 .rodata.__func__.7150
                0x00000000100087b0        0xa CMakeFiles/AudioPico.dir/home/jacko/pico/pico-sdk/lib/tinyusb/src/tusb.c.obj
 *fill*         0x00000000100087ba        0x2 
 .rodata.__func__.7162
                0x00000000100087bc       0x11 CMakeFiles/AudioPico.dir/home/jacko/pico/pico-sdk/lib/tinyusb/src/tusb.c.obj
 *fill*         0x00000000100087cd        0x3 
 .rodata.pico_get_unique_board_id_string.str1.4
                0x00000000100087d0       0x4c CMakeFiles/AudioPico.dir/home/jacko/pico/pico-sdk/src/rp2_common/pico_unique_id/unique_id.c.obj
 .rodata.__func__.4287
                0x000000001000881c       0x20 CMakeFiles/AudioPico.dir/home/jacko/pico/pico-sdk/src/rp2_common/pico_unique_id/unique_id.c.obj
 .rodata.str1.4
                0x000000001000883c      0x156 CMakeFiles/AudioPico.dir/home/jacko/pico/pico-sdk/src/rp2_common/hardware_flash/flash.c.obj
 *fill*         0x0000000010008992        0x2 
 .rodata.__func__.4461
                0x0000000010008994        0xd CMakeFiles/AudioPico.dir/home/jacko/pico/pico-sdk/src/rp2_common/hardware_flash/flash.c.obj
 *fill*         0x00000000100089a1        0x3 
 .rodata.i2c_set_baudrate.str1.4
                0x00000000100089a4       0x5c CMakeFiles/AudioPico.dir/home/jacko/pico/pico-sdk/src/rp2_common/hardware_i2c/i2c.c.obj
 .rodata.__func__.4786
                0x0000000010008a00       0x11 CMakeFiles/AudioPico.dir/home/jacko/pico/pico-sdk/src/rp2_common/hardware_i2c/i2c.c.obj
                0x0000000010008a14                . = ALIGN (0x4)
 *fill*         0x0000000010008a11        0x3 
 *(SORT_BY_ALIGNMENT(SORT_BY_NAME(.flashdata*)))
                0x0000000010008a14                . = ALIGN (0x4)

.rel.dyn        0x0000000010008a14        0x0
 .rel.iplt      0x0000000010008a14        0x0 /usr/lib/gcc/arm-none-eabi/9.2.1/thumb/v6-m/nofp/crtbegin.o

.ARM.extab
 *(.ARM.extab* .gnu.linkonce.armextab.*)
                0x0000000010008a14                __exidx_start = .

.ARM.exidx
 *(.ARM.exidx* .gnu.linkonce.armexidx.*)
                0x0000000010008a14                __exidx_end = .
                0x0000000010008a14                . = ALIGN (0x4)
                0x0000000010008a14                __binary_info_start = .

.binary_info    0x0000000010008a14       0x2c
 *(.binary_info.keep.*)
 .binary_info.keep.__bi_ptr22
                0x0000000010008a14        0x4 CMakeFiles/AudioPico.dir/home/jacko/pico/pico-sdk/src/rp2_common/pico_standard_link/binary_info.c.obj
 .binary_info.keep.__bi_ptr30
                0x0000000010008a18        0x4 CMakeFiles/AudioPico.dir/home/jacko/pico/pico-sdk/src/rp2_common/pico_standard_link/binary_info.c.obj
 .binary_info.keep.__bi_ptr38
                0x0000000010008a1c        0x4 CMakeFiles/AudioPico.dir/home/jacko/pico/pico-sdk/src/rp2_common/pico_standard_link/binary_info.c.obj
 .binary_info.keep.__bi_ptr44
                0x0000000010008a20        0x4 CMakeFiles/AudioPico.dir/home/jacko/pico/pico-sdk/src/rp2_common/pico_standard_link/binary_info.c.obj
 .binary_info.keep.__bi_ptr50
                0x0000000010008a24        0x4 CMakeFiles/AudioPico.dir/home/jacko/pico/pico-sdk/src/rp2_common/pico_standard_link/binary_info.c.obj
 .binary_info.keep.__bi_ptr56
                0x0000000010008a28        0x4 CMakeFiles/AudioPico.dir/home/jacko/pico/pico-sdk/src/rp2_common/pico_standard_link/binary_info.c.obj
 .binary_info.keep.__bi_ptr75
                0x0000000010008a2c        0x4 CMakeFiles/AudioPico.dir/home/jacko/pico/pico-sdk/src/rp2_common/pico_standard_link/binary_info.c.obj
 .binary_info.keep.__bi_ptr81
                0x0000000010008a30        0x4 CMakeFiles/AudioPico.dir/home/jacko/pico/pico-sdk/src/rp2_common/pico_standard_link/binary_info.c.obj
 *(.binary_info.*)
 .binary_info.__bi_ptr28
                0x0000000010008a34        0x4 CMakeFiles/AudioPico.dir/home/jacko/pico/pico-sdk/src/rp2_common/pico_stdio_uart/stdio_uart.c.obj
 .binary_info.__bi_ptr29
                0x0000000010008a38        0x4 CMakeFiles/AudioPico.dir/home/jacko/pico/pico-sdk/src/rp2_common/pico_stdio_uart/stdio_uart.c.obj
 .binary_info.__bi_ptr93
                0x0000000010008a3c        0x4 CMakeFiles/AudioPico.dir/home/jacko/pico/pico-sdk/src/rp2_common/pico_stdio_usb/stdio_usb.c.obj
                0x0000000010008a40                __binary_info_end = .
                0x0000000010008a40                . = ALIGN (0x4)
                0x0000000010008a40                __etext = .

.ram_vector_table
                0x0000000020000000       0xc0
 *(.ram_vector_table)
 .ram_vector_table
                0x0000000020000000       0xc0 CMakeFiles/AudioPico.dir/home/jacko/pico/pico-sdk/src/rp2_common/pico_runtime/runtime.c.obj
                0x0000000020000000                ram_vector_table

.data           0x00000000200000c0      0x47c load address 0x0000000010008a40
                0x00000000200000c0                __data_start__ = .
 *(vtable)
 *(.time_critical*)
 .time_critical.mutex_enter_blocking
                0x00000000200000c0       0x48 CMakeFiles/AudioPico.dir/home/jacko/pico/pico-sdk/src/common/pico_sync/mutex.c.obj
                0x00000000200000c0                mutex_enter_blocking
 .time_critical.mutex_try_enter
                0x0000000020000108       0x48 CMakeFiles/AudioPico.dir/home/jacko/pico/pico-sdk/src/common/pico_sync/mutex.c.obj
                0x0000000020000108                mutex_try_enter
 .time_critical.mutex_enter_block_until
                0x0000000020000150       0x88 CMakeFiles/AudioPico.dir/home/jacko/pico/pico-sdk/src/common/pico_sync/mutex.c.obj
                0x0000000020000150                mutex_enter_block_until
 .time_critical.mutex_enter_timeout_ms
                0x00000000200001d8       0x78 CMakeFiles/AudioPico.dir/home/jacko/pico/pico-sdk/src/common/pico_sync/mutex.c.obj
                0x00000000200001d8                mutex_enter_timeout_ms
 .time_critical.mutex_exit
                0x0000000020000250       0x4c CMakeFiles/AudioPico.dir/home/jacko/pico/pico-sdk/src/common/pico_sync/mutex.c.obj
                0x0000000020000250                mutex_exit
 .time_critical.flash_init_boot2_copyout
                0x000000002000029c       0x30 CMakeFiles/AudioPico.dir/home/jacko/pico/pico-sdk/src/rp2_common/hardware_flash/flash.c.obj
 .time_critical.flash_enable_xip_via_boot2
                0x00000000200002cc       0x10 CMakeFiles/AudioPico.dir/home/jacko/pico/pico-sdk/src/rp2_common/hardware_flash/flash.c.obj
 .time_critical.flash_cs_force
                0x00000000200002dc       0x28 CMakeFiles/AudioPico.dir/home/jacko/pico/pico-sdk/src/rp2_common/hardware_flash/flash.c.obj
 .time_critical.flash_do_cmd
                0x0000000020000304       0xd8 CMakeFiles/AudioPico.dir/home/jacko/pico/pico-sdk/src/rp2_common/hardware_flash/flash.c.obj
                0x0000000020000304                flash_do_cmd
 *(.text*)
 .text          0x00000000200003dc        0x4 /usr/lib/gcc/arm-none-eabi/9.2.1/thumb/v6-m/nofp/libgcc.a(_dvmd_tls.o)
                0x00000000200003dc                __aeabi_ldiv0
                0x00000000200003dc                __aeabi_idiv0
 .text.__stub   0x00000000200003e0       0x40 linker stubs
                0x0000000020000420                . = ALIGN (0x4)
 *(.rodata*)
                0x0000000020000420                . = ALIGN (0x4)
 *(.data*)
 .data.striped_spin_lock_num
                0x0000000020000420        0x1 CMakeFiles/AudioPico.dir/home/jacko/pico/pico-sdk/src/rp2_common/hardware_sync/sync.c.obj
 *fill*         0x0000000020000421        0x3 
 .data.default_alarm_pool
                0x0000000020000424       0x18 CMakeFiles/AudioPico.dir/home/jacko/pico/pico-sdk/src/common/pico_time/time.c.obj
 .data.default_alarm_pool_heap
                0x000000002000043c       0x10 CMakeFiles/AudioPico.dir/home/jacko/pico/pico-sdk/src/common/pico_time/time.c.obj
 .data          0x000000002000044c       0x48 CMakeFiles/AudioPico.dir/home/jacko/pico/pico-sdk/src/rp2_common/hardware_irq/irq_handler_chain.S.obj
                0x000000002000044c                irq_handler_chain_slots
                0x000000002000047c                irq_handler_chain_first_slot
                0x0000000020000486                irq_handler_chain_remove_tail
 *fill*         0x0000000020000494        0xc 
 .data.aeabi_bits_funcs
                0x00000000200004a0       0x10 CMakeFiles/AudioPico.dir/home/jacko/pico/pico-sdk/src/rp2_common/pico_bit_ops/bit_ops_aeabi.S.obj
                0x00000000200004a0                aeabi_bits_funcs
                0x00000000200004b0                aeabi_bits_funcs_end
 .data.aeabi_mem_funcs
                0x00000000200004b0       0x10 CMakeFiles/AudioPico.dir/home/jacko/pico/pico-sdk/src/rp2_common/pico_mem_ops/mem_ops_aeabi.S.obj
                0x00000000200004b0                aeabi_mem_funcs
                0x00000000200004c0                aeabi_mem_funcs_end
 .data.stdio_uart
                0x00000000200004c0       0x14 CMakeFiles/AudioPico.dir/home/jacko/pico/pico-sdk/src/rp2_common/pico_stdio_uart/stdio_uart.c.obj
                0x00000000200004c0                stdio_uart
 .data.stdio_usb
                0x00000000200004d4       0x14 CMakeFiles/AudioPico.dir/home/jacko/pico/pico-sdk/src/rp2_common/pico_stdio_usb/stdio_usb.c.obj
                0x00000000200004d4                stdio_usb
 .data.ep_dir_string
                0x00000000200004e8        0x8 CMakeFiles/AudioPico.dir/home/jacko/pico/pico-sdk/lib/tinyusb/src/portable/raspberrypi/rp2040/rp2040_usb.c.obj
                0x00000000200004e8                ep_dir_string
 .data._usbd_qdef
                0x00000000200004f0       0x24 CMakeFiles/AudioPico.dir/home/jacko/pico/pico-sdk/lib/tinyusb/src/device/usbd.c.obj